Archive member included to satisfy reference by file (symbol)

c:/program files (x86)/atmel/studio/7.0/toolchain/avr8/avr8-gnu-toolchain/bin/../lib/gcc/avr/5.4.0/../../../../avr/lib/avr5\libm.a(addsf3.o)
                              LibCpp/ArdusatSDK/ArdusatSDK.o (__subsf3)
c:/program files (x86)/atmel/studio/7.0/toolchain/avr8/avr8-gnu-toolchain/bin/../lib/gcc/avr/5.4.0/../../../../avr/lib/avr5\libm.a(addsf3x.o)
                              c:/program files (x86)/atmel/studio/7.0/toolchain/avr8/avr8-gnu-toolchain/bin/../lib/gcc/avr/5.4.0/../../../../avr/lib/avr5\libm.a(addsf3.o) (__addsf3x)
c:/program files (x86)/atmel/studio/7.0/toolchain/avr8/avr8-gnu-toolchain/bin/../lib/gcc/avr/5.4.0/../../../../avr/lib/avr5\libm.a(atan2.o)
                              LibCpp/ArdusatSDK/ArdusatSDK.o (atan2)
c:/program files (x86)/atmel/studio/7.0/toolchain/avr8/avr8-gnu-toolchain/bin/../lib/gcc/avr/5.4.0/../../../../avr/lib/avr5\libm.a(atan.o)
                              LibCpp/ArdusatSDK/ArdusatSDK.o (atan)
c:/program files (x86)/atmel/studio/7.0/toolchain/avr8/avr8-gnu-toolchain/bin/../lib/gcc/avr/5.4.0/../../../../avr/lib/avr5\libm.a(cmpsf2.o)
                              LibCpp/ArdusatSDK/ArdusatSDK.o (__eqsf2)
c:/program files (x86)/atmel/studio/7.0/toolchain/avr8/avr8-gnu-toolchain/bin/../lib/gcc/avr/5.4.0/../../../../avr/lib/avr5\libm.a(cos.o)
                              LibCpp/ArdusatSDK/ArdusatSDK.o (cos)
c:/program files (x86)/atmel/studio/7.0/toolchain/avr8/avr8-gnu-toolchain/bin/../lib/gcc/avr/5.4.0/../../../../avr/lib/avr5\libm.a(divsf3.o)
                              LibCpp/ArdusatSDK/ArdusatSDK.o (__divsf3)
c:/program files (x86)/atmel/studio/7.0/toolchain/avr8/avr8-gnu-toolchain/bin/../lib/gcc/avr/5.4.0/../../../../avr/lib/avr5\libm.a(divsf3x.o)
                              c:/program files (x86)/atmel/studio/7.0/toolchain/avr8/avr8-gnu-toolchain/bin/../lib/gcc/avr/5.4.0/../../../../avr/lib/avr5\libm.a(divsf3.o) (__divsf3x)
c:/program files (x86)/atmel/studio/7.0/toolchain/avr8/avr8-gnu-toolchain/bin/../lib/gcc/avr/5.4.0/../../../../avr/lib/avr5\libm.a(fixsfsi.o)
                              main.o (__fixsfsi)
c:/program files (x86)/atmel/studio/7.0/toolchain/avr8/avr8-gnu-toolchain/bin/../lib/gcc/avr/5.4.0/../../../../avr/lib/avr5\libm.a(fixunssfsi.o)
                              LibCpp/ArdusatSDK/utility/Adafruit_TCS34725.o (__fixunssfsi)
c:/program files (x86)/atmel/studio/7.0/toolchain/avr8/avr8-gnu-toolchain/bin/../lib/gcc/avr/5.4.0/../../../../avr/lib/avr5\libm.a(floatsisf.o)
                              LibCpp/ArdusatSDK/utility/Adafruit_TCS34725.o (__floatunsisf)
c:/program files (x86)/atmel/studio/7.0/toolchain/avr8/avr8-gnu-toolchain/bin/../lib/gcc/avr/5.4.0/../../../../avr/lib/avr5\libm.a(fp_cmp.o)
                              c:/program files (x86)/atmel/studio/7.0/toolchain/avr8/avr8-gnu-toolchain/bin/../lib/gcc/avr/5.4.0/../../../../avr/lib/avr5\libm.a(cmpsf2.o) (__fp_cmp)
c:/program files (x86)/atmel/studio/7.0/toolchain/avr8/avr8-gnu-toolchain/bin/../lib/gcc/avr/5.4.0/../../../../avr/lib/avr5\libm.a(fp_inf.o)
                              c:/program files (x86)/atmel/studio/7.0/toolchain/avr8/avr8-gnu-toolchain/bin/../lib/gcc/avr/5.4.0/../../../../avr/lib/avr5\libm.a(addsf3x.o) (__fp_inf)
c:/program files (x86)/atmel/studio/7.0/toolchain/avr8/avr8-gnu-toolchain/bin/../lib/gcc/avr/5.4.0/../../../../avr/lib/avr5\libm.a(fp_nan.o)
                              c:/program files (x86)/atmel/studio/7.0/toolchain/avr8/avr8-gnu-toolchain/bin/../lib/gcc/avr/5.4.0/../../../../avr/lib/avr5\libm.a(addsf3x.o) (__fp_nan)
c:/program files (x86)/atmel/studio/7.0/toolchain/avr8/avr8-gnu-toolchain/bin/../lib/gcc/avr/5.4.0/../../../../avr/lib/avr5\libm.a(fp_powser.o)
                              c:/program files (x86)/atmel/studio/7.0/toolchain/avr8/avr8-gnu-toolchain/bin/../lib/gcc/avr/5.4.0/../../../../avr/lib/avr5\libm.a(atan.o) (__fp_powser)
c:/program files (x86)/atmel/studio/7.0/toolchain/avr8/avr8-gnu-toolchain/bin/../lib/gcc/avr/5.4.0/../../../../avr/lib/avr5\libm.a(fp_pscA.o)
                              c:/program files (x86)/atmel/studio/7.0/toolchain/avr8/avr8-gnu-toolchain/bin/../lib/gcc/avr/5.4.0/../../../../avr/lib/avr5\libm.a(addsf3x.o) (__fp_pscA)
c:/program files (x86)/atmel/studio/7.0/toolchain/avr8/avr8-gnu-toolchain/bin/../lib/gcc/avr/5.4.0/../../../../avr/lib/avr5\libm.a(fp_pscB.o)
                              c:/program files (x86)/atmel/studio/7.0/toolchain/avr8/avr8-gnu-toolchain/bin/../lib/gcc/avr/5.4.0/../../../../avr/lib/avr5\libm.a(addsf3x.o) (__fp_pscB)
c:/program files (x86)/atmel/studio/7.0/toolchain/avr8/avr8-gnu-toolchain/bin/../lib/gcc/avr/5.4.0/../../../../avr/lib/avr5\libm.a(fp_rempio2.o)
                              c:/program files (x86)/atmel/studio/7.0/toolchain/avr8/avr8-gnu-toolchain/bin/../lib/gcc/avr/5.4.0/../../../../avr/lib/avr5\libm.a(cos.o) (__fp_rempio2)
[...]
Memory Configuration

Name             Origin             Length             Attributes
text             0x00000000         0x00020000         xr
data             0x00800060         0x0000ffa0         rw !x
eeprom           0x00810000         0x00010000         rw !x
fuse             0x00820000         0x00000003         rw !x
lock             0x00830000         0x00000400         rw !x
signature        0x00840000         0x00000400         rw !x
user_signatures  0x00850000         0x00000400         rw !x
*default*        0x00000000         0xffffffff

Linker script and memory map

Address of section .data set to 0x800100
LOAD C:/Program Files (x86)/Atmel/Studio/7.0/Packs/atmel/ATmega_DFP/1.2.132/gcc/dev/atmega328p/avr5/crtatmega328p.o
LOAD LibCpp/Adafruit_L3GD20/Adafruit_L3GD20.o
LOAD LibCpp/ArdusatSDK/ArdusatSDK.o
LOAD LibCpp/ArdusatSDK/utility/Adafruit_SI1145.o
LOAD LibCpp/ArdusatSDK/utility/Adafruit_TCS34725.o
LOAD LibCpp/ArdusatSDK/utility/common_utils.o
LOAD LibCpp/ArdusatSDK/utility/drivers.o
LOAD LibCpp/ArdusatSDK/utility/ML8511_ADC.o
LOAD LibCpp/ArdusatSDK/utility/pololu_LSM303.o
LOAD LibCpp/ArdusatSDK/utility/serial.o
LOAD LibCpp/ArdusatSDK/utility/SoftwareSerial.o
LOAD LibCpp/ArdusatSDK/utility/SparkFunISL29125.o
LOAD LibCpp/ArdusatSDK/utility/TSL2561.o
LOAD LibCpp/br3ttb-Arduino-PID-Library-5adeed5/PID_v1.o
LOAD main.o
START GROUP
LOAD c:/program files (x86)/atmel/studio/7.0/toolchain/avr8/avr8-gnu-toolchain/bin/../lib/gcc/avr/5.4.0/../../../../avr/lib/avr5\libm.a
LOAD C:\src\arduino\AxisReader\AxisReader\ArduinoCore\Debug\libArduinoCore.a
END GROUP
LOAD c:/program files (x86)/atmel/studio/7.0/toolchain/avr8/avr8-gnu-toolchain/bin/../lib/gcc/avr/5.4.0/avr5\libgcc.a
LOAD c:/program files (x86)/atmel/studio/7.0/toolchain/avr8/avr8-gnu-toolchain/bin/../lib/gcc/avr/5.4.0/../../../../avr/lib/avr5\libm.a
START GROUP
LOAD c:/program files (x86)/atmel/studio/7.0/toolchain/avr8/avr8-gnu-toolchain/bin/../lib/gcc/avr/5.4.0/avr5\libgcc.a
LOAD c:/program files (x86)/atmel/studio/7.0/toolchain/avr8/avr8-gnu-toolchain/bin/../lib/gcc/avr/5.4.0/../../../../avr/lib/avr5\libm.a
LOAD c:/program files (x86)/atmel/studio/7.0/toolchain/avr8/avr8-gnu-toolchain/bin/../lib/gcc/avr/5.4.0/../../../../avr/lib/avr5\libc.a
LOAD C:/Program Files (x86)/Atmel/Studio/7.0/Packs/atmel/ATmega_DFP/1.2.132/gcc/dev/atmega328p/avr5\libatmega328p.a
END GROUP
                0x00020000                __TEXT_REGION_LENGTH__ = DEFINED (__TEXT_REGION_LENGTH__)?__TEXT_REGION_LENGTH__:0x20000
                0x0000ffa0                __DATA_REGION_LENGTH__ = DEFINED (__DATA_REGION_LENGTH__)?__DATA_REGION_LENGTH__:0xffa0
                0x00010000                __EEPROM_REGION_LENGTH__ = DEFINED (__EEPROM_REGION_LENGTH__)?__EEPROM_REGION_LENGTH__:0x10000
                [0x00000003]                __FUSE_REGION_LENGTH__ = DEFINED (__FUSE_REGION_LENGTH__)?__FUSE_REGION_LENGTH__:0x400
                0x00000400                __LOCK_REGION_LENGTH__ = DEFINED (__LOCK_REGION_LENGTH__)?__LOCK_REGION_LENGTH__:0x400
                0x00000400                __SIGNATURE_REGION_LENGTH__ = DEFINED (__SIGNATURE_REGION_LENGTH__)?__SIGNATURE_REGION_LENGTH__:0x400
                0x00000400                __USER_SIGNATURE_REGION_LENGTH__ = DEFINED (__USER_SIGNATURE_REGION_LENGTH__)?__USER_SIGNATURE_REGION_LENGTH__:0x400

.hash
 *(.hash)

.dynsym
 *(.dynsym)

.dynstr
 *(.dynstr)

.gnu.version
 *(.gnu.version)

.gnu.version_d
 *(.gnu.version_d)

.gnu.version_r
 *(.gnu.version_r)

.rel.init
 *(.rel.init)

.rela.init
 *(.rela.init)

.rel.text
 *(.rel.text)
 *(.rel.text.*)
 *(.rel.gnu.linkonce.t*)

.rela.text
 *(.rela.text)
 *(.rela.text.*)
 *(.rela.gnu.linkonce.t*)

.rel.fini
 *(.rel.fini)

.rela.fini
 *(.rela.fini)

.rel.rodata
 *(.rel.rodata)
 *(.rel.rodata.*)
 *(.rel.gnu.linkonce.r*)

.rela.rodata
 *(.rela.rodata)
 *(.rela.rodata.*)
 *(.rela.gnu.linkonce.r*)

.rel.data
 *(.rel.data)
 *(.rel.data.*)
 *(.rel.gnu.linkonce.d*)

.rela.data
 *(.rela.data)
 *(.rela.data.*)
 *(.rela.gnu.linkonce.d*)

.rel.ctors
 *(.rel.ctors)

.rela.ctors
 *(.rela.ctors)

.rel.dtors
 *(.rel.dtors)

.rela.dtors
 *(.rela.dtors)

.rel.got
 *(.rel.got)

.rela.got
 *(.rela.got)

.rel.bss
 *(.rel.bss)

.rela.bss
 *(.rela.bss)

.rel.plt
 *(.rel.plt)

.rela.plt
 *(.rela.plt)

.text           0x00000000     0x41de
 *(.vectors)
 .vectors       0x00000000       0x68 C:/Program Files (x86)/Atmel/Studio/7.0/Packs/atmel/ATmega_DFP/1.2.132/gcc/dev/atmega328p/avr5/crtatmega328p.o
                0x00000000                __vector_default
                0x00000000                __vectors
 *(.vectors)
 *(.progmem.gcc*)
 .progmem.gcc_sw_table._Z18_lsm303_mag_config18lsm303_mag_scale_e
                0x00000068       0x20 LibCpp/ArdusatSDK/utility/drivers.o
 .progmem.gcc_sw_table.lsm303_getMag
                0x00000088        0xe LibCpp/ArdusatSDK/utility/drivers.o
 .progmem.gcc_fplib
                0x00000096       0x2d c:/program files (x86)/atmel/studio/7.0/toolchain/avr8/avr8-gnu-toolchain/bin/../lib/gcc/avr/5.4.0/../../../../avr/lib/avr5\libm.a(atan.o)
                0x000000c4                . = ALIGN (0x2)
 *fill*         0x000000c3        0x1 
                0x000000c4                __trampolines_start = .
 *(.trampolines)
 .trampolines   0x000000c4        0x0 linker stubs
 *(.trampolines*)
                0x000000c4                __trampolines_end = .
 *libprintf_flt.a:*(.progmem.data)
 *libc.a:*(.progmem.data)
 .progmem.data  0x000000c4       0xfa c:/program files (x86)/atmel/studio/7.0/toolchain/avr8/avr8-gnu-toolchain/bin/../lib/gcc/avr/5.4.0/../../../../avr/lib/avr5\libc.a(ftoa_engine.o)
 *(.progmem*)
 .progmem.data._ZL11json_format
                0x000001be       0x38 LibCpp/ArdusatSDK/ArdusatSDK.o
 .progmem.data._ZL20magnetic_sensor_name
                0x000001f6        0x9 LibCpp/ArdusatSDK/ArdusatSDK.o
 .progmem.data._ZL15begin_error_msg
                0x000001ff       0x1f LibCpp/ArdusatSDK/ArdusatSDK.o
 .progmem.data._ZL13concat_string
                0x0000021e        0x5 LibCpp/ArdusatSDK/ArdusatSDK.o
 .progmem.data.digital_pin_to_timer_PGM
                0x00000223       0x14 C:\src\arduino\AxisReader\AxisReader\ArduinoCore\Debug\libArduinoCore.a(wiring_digital.o)
                0x00000223                digital_pin_to_timer_PGM
 .progmem.data.digital_pin_to_bit_mask_PGM
                0x00000237       0x14 C:\src\arduino\AxisReader\AxisReader\ArduinoCore\Debug\libArduinoCore.a(wiring_digital.o)
                0x00000237                digital_pin_to_bit_mask_PGM
 .progmem.data.digital_pin_to_port_PGM
                0x0000024b       0x14 C:\src\arduino\AxisReader\AxisReader\ArduinoCore\Debug\libArduinoCore.a(wiring_digital.o)
                0x0000024b                digital_pin_to_port_PGM
 .progmem.data.port_to_input_PGM
                0x0000025f        0xa C:\src\arduino\AxisReader\AxisReader\ArduinoCore\Debug\libArduinoCore.a(wiring_digital.o)
                0x0000025f                port_to_input_PGM
 .progmem.data.port_to_output_PGM
                0x00000269        0xa C:\src\arduino\AxisReader\AxisReader\ArduinoCore\Debug\libArduinoCore.a(wiring_digital.o)
                0x00000269                port_to_output_PGM
 .progmem.data.port_to_mode_PGM
                0x00000273        0xa C:\src\arduino\AxisReader\AxisReader\ArduinoCore\Debug\libArduinoCore.a(wiring_digital.o)
                0x00000273                port_to_mode_PGM
                0x0000027e                . = ALIGN (0x2)
 *fill*         0x0000027d        0x1 
 *(.jumptables)
 *(.jumptables*)
 *(.lowtext)
 *(.lowtext*)
                0x0000027e                __ctors_start = .
 *(.ctors)
 .ctors         0x0000027e        0x2 LibCpp/ArdusatSDK/utility/drivers.o
 .ctors         0x00000280        0x2 main.o
 .ctors         0x00000282        0x2 C:\src\arduino\AxisReader\AxisReader\ArduinoCore\Debug\libArduinoCore.a(HardwareSerial0.o)
 .ctors         0x00000284        0x2 C:\src\arduino\AxisReader\AxisReader\ArduinoCore\Debug\libArduinoCore.a(Wire.o)
                0x00000286                __ctors_end = .
                0x00000286                __dtors_start = .
 *(.dtors)
 .dtors         0x00000286        0x2 LibCpp/ArdusatSDK/utility/drivers.o
 .dtors         0x00000288        0x2 main.o
                0x0000028a                __dtors_end = .
 SORT(*)(.ctors)
 SORT(*)(.dtors)
 *(.init0)
 .init0         0x0000028a        0x0 C:/Program Files (x86)/Atmel/Studio/7.0/Packs/atmel/ATmega_DFP/1.2.132/gcc/dev/atmega328p/avr5/crtatmega328p.o
                0x0000028a                __init
 *(.init0)
 *(.init1)
 *(.init1)
 *(.init2)
 .init2         0x0000028a        0xc C:/Program Files (x86)/Atmel/Studio/7.0/Packs/atmel/ATmega_DFP/1.2.132/gcc/dev/atmega328p/avr5/crtatmega328p.o
 *(.init2)
 *(.init3)
 *(.init3)
 *(.init4)
 .init4         0x00000296       0x16 c:/program files (x86)/atmel/studio/7.0/toolchain/avr8/avr8-gnu-toolchain/bin/../lib/gcc/avr/5.4.0/avr5\libgcc.a(_copy_data.o)
                0x00000296                __do_copy_data
 .init4         0x000002ac       0x10 c:/program files (x86)/atmel/studio/7.0/toolchain/avr8/avr8-gnu-toolchain/bin/../lib/gcc/avr/5.4.0/avr5\libgcc.a(_clear_bss.o)
                0x000002ac                __do_clear_bss
 *(.init4)
 *(.init5)
 *(.init5)
 *(.init6)
 .init6         0x000002bc       0x16 c:/program files (x86)/atmel/studio/7.0/toolchain/avr8/avr8-gnu-toolchain/bin/../lib/gcc/avr/5.4.0/avr5\libgcc.a(_ctors.o)
                0x000002bc                __do_global_ctors
 *(.init6)
 *(.init7)
 *(.init7)
 *(.init8)
 *(.init8)
 *(.init9)
 .init9         0x000002d2        0x8 C:/Program Files (x86)/Atmel/Studio/7.0/Packs/atmel/ATmega_DFP/1.2.132/gcc/dev/atmega328p/avr5/crtatmega328p.o
 *(.init9)
 *(.text)
 .text          0x000002da        0x4 C:/Program Files (x86)/Atmel/Studio/7.0/Packs/atmel/ATmega_DFP/1.2.132/gcc/dev/atmega328p/avr5/crtatmega328p.o
                0x000002da                __vector_22
                0x000002da                __vector_1
                0x000002da                __vector_12
                0x000002da                __bad_interrupt
                0x000002da                __vector_6
                0x000002da                __vector_23
                0x000002da                __vector_25
                0x000002da                __vector_11
                0x000002da                __vector_13
                0x000002da                __vector_17
                0x000002da                __vector_7
                0x000002da                __vector_9
                0x000002da                __vector_2
                0x000002da                __vector_21
                0x000002da                __vector_15
                0x000002da                __vector_8
                0x000002da                __vector_14
                0x000002da                __vector_10
                0x000002da                __vector_20
                0x000002de                . = ALIGN (0x2)
 *(.text.*)
 .text._ZN8Magnetic10initializeEv
                0x000002de        0x8 LibCpp/ArdusatSDK/ArdusatSDK.o
                0x000002de                _ZN8Magnetic10initializeEv
 .text._ZN8Magnetic10readSensorEv
                0x000002e6       0x16 LibCpp/ArdusatSDK/ArdusatSDK.o
                0x000002e6                _ZN8Magnetic10readSensorEv
 .text._Z10_getOutBufv
                0x000002fc       0x2a LibCpp/ArdusatSDK/ArdusatSDK.o
                0x000002fc                _Z10_getOutBufv
 .text._Z12_resetOutBufv
                0x00000326       0x28 LibCpp/ArdusatSDK/ArdusatSDK.o
                0x00000326                _Z12_resetOutBufv
 .text._Z11unit_to_strh
                0x0000034e       0x1e LibCpp/ArdusatSDK/ArdusatSDK.o
                0x0000034e                _Z11unit_to_strh
 .text._Z18_writeErrorMessagePKcS0_
                0x0000036c       0x88 LibCpp/ArdusatSDK/ArdusatSDK.o
                0x0000036c                _Z18_writeErrorMessagePKcS0_
 .text._Z23_calculateCheckSumValuePKciPv
                0x000003f4       0x68 LibCpp/ArdusatSDK/ArdusatSDK.o
                0x000003f4                _Z23_calculateCheckSumValuePKciPv
 .text._Z17calculateCheckSumPKciz
                0x0000045c       0x20 LibCpp/ArdusatSDK/ArdusatSDK.o
                0x0000045c                _Z17calculateCheckSumPKciz
 .text._Z11valuesToCSVPKcmiz
                0x0000047c      0x230 LibCpp/ArdusatSDK/ArdusatSDK.o
                0x0000047c                _Z11valuesToCSVPKcmiz
 .text._ZN8Magnetic5toCSVEPKc
                0x000006ac       0x78 LibCpp/ArdusatSDK/ArdusatSDK.o
                0x000006ac                _ZN8Magnetic5toCSVEPKc
 .text._Z15_writeJSONValuePcPKcS1_f
                0x00000724      0x146 LibCpp/ArdusatSDK/ArdusatSDK.o
                0x00000724                _Z15_writeJSONValuePcPKcS1_f
 .text._Z12valuesToJSONPKchiz
                0x0000086a      0x16a LibCpp/ArdusatSDK/ArdusatSDK.o
                0x0000086a                _Z12valuesToJSONPKchiz
 .text._ZN8Magnetic6toJSONEPKc
                0x000009d4       0x8e LibCpp/ArdusatSDK/ArdusatSDK.o
                0x000009d4                _ZN8Magnetic6toJSONEPKc
 .text._ZN6Sensor5beginEv
                0x00000a62       0x32 LibCpp/ArdusatSDK/ArdusatSDK.o
                0x00000a62                _ZN6Sensor5beginEv
 .text._ZN6Sensor4readEv
                0x00000a94       0x34 LibCpp/ArdusatSDK/ArdusatSDK.o
                0x00000a94                _ZN6Sensor4readEv
 .text._ZN8MagneticC2Ev
                0x00000ac8       0x28 LibCpp/ArdusatSDK/ArdusatSDK.o
                0x00000ac8                _ZN8MagneticC2Ev
                0x00000ac8                _ZN8MagneticC1Ev
 .text._ZN15Adafruit_SI1145C2Ev
                0x00000af0        0x8 LibCpp/ArdusatSDK/utility/Adafruit_SI1145.o
                0x00000af0                _ZN15Adafruit_SI1145C1Ev
                0x00000af0                _ZN15Adafruit_SI1145C2Ev
 .text._ZN17Adafruit_TCS34725C2E25tcs34725IntegrationTime_t14tcs34725Gain_t
                0x00000af8        0xa LibCpp/ArdusatSDK/utility/Adafruit_TCS34725.o
                0x00000af8                _ZN17Adafruit_TCS34725C2E25tcs34725IntegrationTime_t14tcs34725Gain_t
                0x00000af8                _ZN17Adafruit_TCS34725C1E25tcs34725IntegrationTime_t14tcs34725Gain_t
 .text._Z15readFromRegAddrhhPvj8endian_e
                0x00000b02       0xd6 LibCpp/ArdusatSDK/utility/common_utils.o
                0x00000b02                _Z15readFromRegAddrhhPvj8endian_e
 .text.catchSpaceboard
                0x00000bd8       0x6c LibCpp/ArdusatSDK/utility/drivers.o
                0x00000bd8                catchSpaceboard
 .text._Z18_lsm303_mag_config18lsm303_mag_scale_e
                0x00000c44       0xe2 LibCpp/ArdusatSDK/utility/drivers.o
                0x00000c44                _Z18_lsm303_mag_config18lsm303_mag_scale_e
 .text.lsm303_mag_init
                0x00000d26       0x24 LibCpp/ArdusatSDK/utility/drivers.o
                0x00000d26                lsm303_mag_init
 .text.lsm303_getMag
                0x00000d4a      0x230 LibCpp/ArdusatSDK/utility/drivers.o
                0x00000d4a                lsm303_getMag
 .text.startup._GLOBAL__sub_I_catchSpaceboard
                0x00000f7a       0x30 LibCpp/ArdusatSDK/utility/drivers.o
 .text.exit._GLOBAL__sub_D_catchSpaceboard
                0x00000faa        0x8 LibCpp/ArdusatSDK/utility/drivers.o
 .text._ZN10ML8511_ADCC2Eh
                0x00000fb2        0x6 LibCpp/ArdusatSDK/utility/ML8511_ADC.o
                0x00000fb2                _ZN10ML8511_ADCC1Eh
                0x00000fb2                _ZN10ML8511_ADCC2Eh
 .text._ZN6LSM303C2Ev
                0x00000fb8        0xe LibCpp/ArdusatSDK/utility/pololu_LSM303.o
                0x00000fb8                _ZN6LSM303C1Ev
                0x00000fb8                _ZN6LSM303C2Ev
 .text._ZN6LSM30311writeAccRegEhh
                0x00000fc6       0x40 LibCpp/ArdusatSDK/utility/pololu_LSM303.o
                0x00000fc6                _ZN6LSM30311writeAccRegEhh
 .text._ZN6LSM30311writeMagRegEhh
                0x00001006       0x40 LibCpp/ArdusatSDK/utility/pololu_LSM303.o
                0x00001006                _ZN6LSM30311writeMagRegEhh
 .text._ZN6LSM3038writeRegEhh
                0x00001046       0x14 LibCpp/ArdusatSDK/utility/pololu_LSM303.o
                0x00001046                _ZN6LSM3038writeRegEhh
 .text._ZN6LSM3037readMagEv
                0x0000105a      0x15a LibCpp/ArdusatSDK/utility/pololu_LSM303.o
                0x0000105a                _ZN6LSM3037readMagEv
 .text._ZN6LSM3037testRegEhh
                0x000011b4       0x54 LibCpp/ArdusatSDK/utility/pololu_LSM303.o
                0x000011b4                _ZN6LSM3037testRegEhh
 .text._ZN6LSM3034initENS_10deviceTypeENS_8sa0StateE
                0x00001208      0x178 LibCpp/ArdusatSDK/utility/pololu_LSM303.o
                0x00001208                _ZN6LSM3034initENS_10deviceTypeENS_8sa0StateE
 .text._ZN13ArdusatSerialC2E10serialModehhb
                0x00001380       0x68 LibCpp/ArdusatSDK/utility/serial.o
                0x00001380                _ZN13ArdusatSerialC2E10serialModehhb
                0x00001380                _ZN13ArdusatSerialC1E10serialModehhb
 .text._ZN13ArdusatSerialD2Ev
                0x000013e8       0x2c LibCpp/ArdusatSDK/utility/serial.o
                0x000013e8                _ZN13ArdusatSerialD1Ev
                0x000013e8                _ZN13ArdusatSerialD2Ev
 .text._ZN13ArdusatSerial4peekEv
                0x00001414       0x24 LibCpp/ArdusatSDK/utility/serial.o
                0x00001414                _ZN13ArdusatSerial4peekEv
 .text._ZN13ArdusatSerial4readEv
                0x00001438       0x24 LibCpp/ArdusatSDK/utility/serial.o
                0x00001438                _ZN13ArdusatSerial4readEv
 .text._ZN13ArdusatSerial9availableEv
                0x0000145c       0x24 LibCpp/ArdusatSDK/utility/serial.o
                0x0000145c                _ZN13ArdusatSerial9availableEv
 .text._ZN13ArdusatSerial5flushEv
                0x00001480       0x3c LibCpp/ArdusatSDK/utility/serial.o
                0x00001480                _ZN13ArdusatSerial5flushEv
 .text._ZN13ArdusatSerial5writeEh
                0x000014bc       0x64 LibCpp/ArdusatSDK/utility/serial.o
                0x000014bc                _ZN13ArdusatSerial5writeEh
 .text._ZN14SoftwareSerial4readEv
                0x00001520       0x42 LibCpp/ArdusatSDK/utility/SoftwareSerial.o
                0x00001520                _ZN14SoftwareSerial4readEv
 .text._ZN14SoftwareSerial4peekEv
                0x00001562       0x30 LibCpp/ArdusatSDK/utility/SoftwareSerial.o
                0x00001562                _ZN14SoftwareSerial4peekEv
 .text._ZN14SoftwareSerial9availableEv
                0x00001592       0x30 LibCpp/ArdusatSDK/utility/SoftwareSerial.o
                0x00001592                _ZN14SoftwareSerial9availableEv
 .text._ZN14SoftwareSerial5flushEv
                0x000015c2       0x1e LibCpp/ArdusatSDK/utility/SoftwareSerial.o
                0x000015c2                _ZN14SoftwareSerial5flushEv
 .text._ZN14SoftwareSerial12tx_pin_writeEh.part.4.constprop.9
                0x000015e0       0x18 LibCpp/ArdusatSDK/utility/SoftwareSerial.o
 .text._ZN14SoftwareSerial10tunedDelayEj
                0x000015f8        0xe LibCpp/ArdusatSDK/utility/SoftwareSerial.o
                0x000015f8                _ZN14SoftwareSerial10tunedDelayEj
 .text._ZN14SoftwareSerial4recvEv
                0x00001606       0xbc LibCpp/ArdusatSDK/utility/SoftwareSerial.o
                0x00001606                _ZN14SoftwareSerial4recvEv
 .text._ZN14SoftwareSerial12tx_pin_writeEh
                0x000016c2       0x1e LibCpp/ArdusatSDK/utility/SoftwareSerial.o
                0x000016c2                _ZN14SoftwareSerial12tx_pin_writeEh
 .text._ZN14SoftwareSerial5writeEh
                0x000016e0       0xcc LibCpp/ArdusatSDK/utility/SoftwareSerial.o
                0x000016e0                _ZN14SoftwareSerial5writeEh
 .text.__vector_5
                0x000017ac       0x54 LibCpp/ArdusatSDK/utility/SoftwareSerial.o
                0x000017ac                __vector_5
 .text.__vector_4
                0x00001800       0x48 LibCpp/ArdusatSDK/utility/SoftwareSerial.o
                0x00001800                __vector_4
 .text.__vector_3
                0x00001848       0x48 LibCpp/ArdusatSDK/utility/SoftwareSerial.o
                0x00001848                __vector_3
 .text._ZN14SoftwareSerial5setTXEh
                0x00001890       0x4a LibCpp/ArdusatSDK/utility/SoftwareSerial.o
                0x00001890                _ZN14SoftwareSerial5setTXEh
 .text._ZN14SoftwareSerial5setRXEh
                0x000018da       0x52 LibCpp/ArdusatSDK/utility/SoftwareSerial.o
                0x000018da                _ZN14SoftwareSerial5setRXEh
 .text._ZN14SoftwareSerialC2Ehhb
                0x0000192c       0x56 LibCpp/ArdusatSDK/utility/SoftwareSerial.o
                0x0000192c                _ZN14SoftwareSerialC1Ehhb
                0x0000192c                _ZN14SoftwareSerialC2Ehhb
 .text._ZN14SoftwareSerial3endEv
                0x00001982       0x5a LibCpp/ArdusatSDK/utility/SoftwareSerial.o
                0x00001982                _ZN14SoftwareSerial3endEv
 .text._ZN14SoftwareSerialD2Ev
                0x000019dc        0xe LibCpp/ArdusatSDK/utility/SoftwareSerial.o
                0x000019dc                _ZN14SoftwareSerialD1Ev
                0x000019dc                _ZN14SoftwareSerialD2Ev
 .text._ZN12SFE_ISL29125C2Eh
                0x000019ea        0x6 LibCpp/ArdusatSDK/utility/SparkFunISL29125.o
                0x000019ea                _ZN12SFE_ISL29125C1Eh
                0x000019ea                _ZN12SFE_ISL29125C2Eh
 .text._ZN12SFE_ISL29125D2Ev
                0x000019f0        0x2 LibCpp/ArdusatSDK/utility/SparkFunISL29125.o
                0x000019f0                _ZN12SFE_ISL29125D2Ev
                0x000019f0                _ZN12SFE_ISL29125D1Ev
 .text._Z8distanceff
                0x000019f2       0xc2 main.o
                0x000019f2                _Z8distanceff
 .text.setup    0x00001ab4       0x7c main.o
                0x00001ab4                setup
 .text._Z6runForiii
                0x00001b30       0x50 main.o
                0x00001b30                _Z6runForiii
 .text._Z10averageMagi
                0x00001b80      0x112 main.o
                0x00001b80                _Z10averageMagi
 .text._Z10GetHeadingv
                0x00001c92      0x136 main.o
                0x00001c92                _Z10GetHeadingv
 .text.loop     0x00001dc8      0x14a main.o
                0x00001dc8                loop
 .text.startup._GLOBAL__sub_I_serialConnection
                0x00001f12       0x1c main.o
 .text.exit._GLOBAL__sub_D_serialConnection
                0x00001f2e        0x8 main.o
 .text.avr-libc.fplib
                0x00001f36        0xe c:/program files (x86)/atmel/studio/7.0/toolchain/avr8/avr8-gnu-toolchain/bin/../lib/gcc/avr/5.4.0/../../../../avr/lib/avr5\libm.a(addsf3.o)
                0x00001f36                __subsf3
                0x00001f38                __addsf3
 .text.avr-libc.fplib
                0x00001f44       0xcc c:/program files (x86)/atmel/studio/7.0/toolchain/avr8/avr8-gnu-toolchain/bin/../lib/gcc/avr/5.4.0/../../../../avr/lib/avr5\libm.a(addsf3x.o)
                0x00001f66                __addsf3x
 .text.avr-libc.fplib
                0x00002010       0x5e c:/program files (x86)/atmel/studio/7.0/toolchain/avr8/avr8-gnu-toolchain/bin/../lib/gcc/avr/5.4.0/../../../../avr/lib/avr5\libm.a(atan.o)
                0x00002010                atan
 .text.avr-libc.fplib
                0x0000206e        0xa c:/program files (x86)/atmel/studio/7.0/toolchain/avr8/avr8-gnu-toolchain/bin/../lib/gcc/avr/5.4.0/../../../../avr/lib/avr5\libm.a(cmpsf2.o)
                0x0000206e                __nesf2
                0x0000206e                __eqsf2
                0x0000206e                __cmpsf2
                0x0000206e                __ltsf2
                0x0000206e                __lesf2
 .text.avr-libc.fplib
                0x00002078        0x8 c:/program files (x86)/atmel/studio/7.0/toolchain/avr8/avr8-gnu-toolchain/bin/../lib/gcc/avr/5.4.0/../../../../avr/lib/avr5\libm.a(divsf3.o)
                0x00002078                __divsf3
 .text.avr-libc.fplib
                0x00002080       0xdc c:/program files (x86)/atmel/studio/7.0/toolchain/avr8/avr8-gnu-toolchain/bin/../lib/gcc/avr/5.4.0/../../../../avr/lib/avr5\libm.a(divsf3x.o)
                0x000020a0                __divsf3x
                0x000020a6                __divsf3_pse
 .text.avr-libc.fplib
                0x0000215c        0xe c:/program files (x86)/atmel/studio/7.0/toolchain/avr8/avr8-gnu-toolchain/bin/../lib/gcc/avr/5.4.0/../../../../avr/lib/avr5\libm.a(fixsfsi.o)
                0x0000215c                __fixsfsi
 .text.avr-libc.fplib
                0x0000216a       0x5e c:/program files (x86)/atmel/studio/7.0/toolchain/avr8/avr8-gnu-toolchain/bin/../lib/gcc/avr/5.4.0/../../../../avr/lib/avr5\libm.a(fixunssfsi.o)
                0x0000216a                __fixunssfsi
 .text.avr-libc.fplib
                0x000021c8       0x7a c:/program files (x86)/atmel/studio/7.0/toolchain/avr8/avr8-gnu-toolchain/bin/../lib/gcc/avr/5.4.0/../../../../avr/lib/avr5\libm.a(floatsisf.o)
                0x000021c8                __floatunsisf
                0x000021cc                __floatsisf
 .text.avr-libc.fplib
                0x00002242       0x48 c:/program files (x86)/atmel/studio/7.0/toolchain/avr8/avr8-gnu-toolchain/bin/../lib/gcc/avr/5.4.0/../../../../avr/lib/avr5\libm.a(fp_cmp.o)
                0x00002242                __fp_cmp
 .text.avr-libc.fplib
                0x0000228a        0xc c:/program files (x86)/atmel/studio/7.0/toolchain/avr8/avr8-gnu-toolchain/bin/../lib/gcc/avr/5.4.0/../../../../avr/lib/avr5\libm.a(fp_inf.o)
                0x0000228a                __fp_inf
 .text.avr-libc.fplib
                0x00002296        0x6 c:/program files (x86)/atmel/studio/7.0/toolchain/avr8/avr8-gnu-toolchain/bin/../lib/gcc/avr/5.4.0/../../../../avr/lib/avr5\libm.a(fp_nan.o)
                0x00002296                __fp_nan
 .text.avr-libc.fplib
                0x0000229c       0x4e c:/program files (x86)/atmel/studio/7.0/toolchain/avr8/avr8-gnu-toolchain/bin/../lib/gcc/avr/5.4.0/../../../../avr/lib/avr5\libm.a(fp_powser.o)
                0x0000229c                __fp_powser
 .text.avr-libc.fplib
                0x000022ea        0xe c:/program files (x86)/atmel/studio/7.0/toolchain/avr8/avr8-gnu-toolchain/bin/../lib/gcc/avr/5.4.0/../../../../avr/lib/avr5\libm.a(fp_pscA.o)
                0x000022ea                __fp_pscA
 .text.avr-libc.fplib
                0x000022f8        0xe c:/program files (x86)/atmel/studio/7.0/toolchain/avr8/avr8-gnu-toolchain/bin/../lib/gcc/avr/5.4.0/../../../../avr/lib/avr5\libm.a(fp_pscB.o)
                0x000022f8                __fp_pscB
 .text.avr-libc.fplib
                0x00002306       0x22 c:/program files (x86)/atmel/studio/7.0/toolchain/avr8/avr8-gnu-toolchain/bin/../lib/gcc/avr/5.4.0/../../../../avr/lib/avr5\libm.a(fp_round.o)
                0x00002306                __fp_round
 .text.avr-libc.fplib
                0x00002328       0x44 c:/program files (x86)/atmel/studio/7.0/toolchain/avr8/avr8-gnu-toolchain/bin/../lib/gcc/avr/5.4.0/../../../../avr/lib/avr5\libm.a(fp_split3.o)
                0x00002328                __fp_split3
                0x00002338                __fp_splitA
 .text.avr-libc.fplib
                0x0000236c        0xe c:/program files (x86)/atmel/studio/7.0/toolchain/avr8/avr8-gnu-toolchain/bin/../lib/gcc/avr/5.4.0/../../../../avr/lib/avr5\libm.a(fp_zero.o)
                0x0000236c                __fp_zero
                0x0000236e                __fp_szero
 .text.avr-libc.fplib
                0x0000237a        0xa c:/program files (x86)/atmel/studio/7.0/toolchain/avr8/avr8-gnu-toolchain/bin/../lib/gcc/avr/5.4.0/../../../../avr/lib/avr5\libm.a(gesf2.o)
                0x0000237a                __gesf2
                0x0000237a                __gtsf2
 .text.avr-libc.fplib
                0x00002384       0x10 c:/program files (x86)/atmel/studio/7.0/toolchain/avr8/avr8-gnu-toolchain/bin/../lib/gcc/avr/5.4.0/../../../../avr/lib/avr5\libm.a(inverse.o)
                0x00002384                inverse
 .text.avr-libc.fplib
                0x00002394       0x66 c:/program files (x86)/atmel/studio/7.0/toolchain/avr8/avr8-gnu-toolchain/bin/../lib/gcc/avr/5.4.0/../../../../avr/lib/avr5\libm.a(lround.o)
                0x00002394                lround
 .text.avr-libc.fplib
                0x000023fa        0x8 c:/program files (x86)/atmel/studio/7.0/toolchain/avr8/avr8-gnu-toolchain/bin/../lib/gcc/avr/5.4.0/../../../../avr/lib/avr5\libm.a(mulsf3.o)
                0x000023fa                __mulsf3
 .text.avr-libc.fplib
                0x00002402       0xd2 c:/program files (x86)/atmel/studio/7.0/toolchain/avr8/avr8-gnu-toolchain/bin/../lib/gcc/avr/5.4.0/../../../../avr/lib/avr5\libm.a(mulsf3x.o)
                0x00002420                __mulsf3x
                0x00002426                __mulsf3_pse
 .text.avr-libc.fplib
                0x000024d4        0x8 c:/program files (x86)/atmel/studio/7.0/toolchain/avr8/avr8-gnu-toolchain/bin/../lib/gcc/avr/5.4.0/../../../../avr/lib/avr5\libm.a(square.o)
                0x000024d4                square
 .text._ZN14HardwareSerial9availableEv
                0x000024dc       0x18 C:\src\arduino\AxisReader\AxisReader\ArduinoCore\Debug\libArduinoCore.a(HardwareSerial.o)
                0x000024dc                _ZN14HardwareSerial9availableEv
 .text._ZN14HardwareSerial4peekEv
                0x000024f4       0x1c C:\src\arduino\AxisReader\AxisReader\ArduinoCore\Debug\libArduinoCore.a(HardwareSerial.o)
                0x000024f4                _ZN14HardwareSerial4peekEv
 .text._ZN14HardwareSerial4readEv
                0x00002510       0x28 C:\src\arduino\AxisReader\AxisReader\ArduinoCore\Debug\libArduinoCore.a(HardwareSerial.o)
                0x00002510                _ZN14HardwareSerial4readEv
 .text._Z14serialEventRunv
                0x00002538       0x1c C:\src\arduino\AxisReader\AxisReader\ArduinoCore\Debug\libArduinoCore.a(HardwareSerial.o)
                0x00002538                _Z14serialEventRunv
 .text._ZN14HardwareSerial17_tx_udr_empty_irqEv
                0x00002554       0x42 C:\src\arduino\AxisReader\AxisReader\ArduinoCore\Debug\libArduinoCore.a(HardwareSerial.o)
                0x00002554                _ZN14HardwareSerial17_tx_udr_empty_irqEv
 .text._ZN14HardwareSerial5writeEh
                0x00002596       0x8e C:\src\arduino\AxisReader\AxisReader\ArduinoCore\Debug\libArduinoCore.a(HardwareSerial.o)
                0x00002596                _ZN14HardwareSerial5writeEh
 .text._ZN14HardwareSerial5flushEv
                0x00002624       0x44 C:\src\arduino\AxisReader\AxisReader\ArduinoCore\Debug\libArduinoCore.a(HardwareSerial.o)
                0x00002624                _ZN14HardwareSerial5flushEv
 .text._ZN14HardwareSerial5beginEmh
                0x00002668       0xca C:\src\arduino\AxisReader\AxisReader\ArduinoCore\Debug\libArduinoCore.a(HardwareSerial.o)
                0x00002668                _ZN14HardwareSerial5beginEmh
 .text.__vector_18
                0x00002732       0x64 C:\src\arduino\AxisReader\AxisReader\ArduinoCore\Debug\libArduinoCore.a(HardwareSerial0.o)
                0x00002732                __vector_18
 .text.__vector_19
                0x00002796       0x4c C:\src\arduino\AxisReader\AxisReader\ArduinoCore\Debug\libArduinoCore.a(HardwareSerial0.o)
                0x00002796                __vector_19
 .text._Z17Serial0_availablev
                0x000027e2       0x14 C:\src\arduino\AxisReader\AxisReader\ArduinoCore\Debug\libArduinoCore.a(HardwareSerial0.o)
                0x000027e2                _Z17Serial0_availablev
 .text.startup._GLOBAL__sub_I___vector_18
                0x000027f6       0x5a C:\src\arduino\AxisReader\AxisReader\ArduinoCore\Debug\libArduinoCore.a(HardwareSerial0.o)
 .text.initVariant
                0x00002850        0x2 C:\src\arduino\AxisReader\AxisReader\ArduinoCore\Debug\libArduinoCore.a(main.o)
                0x00002850                initVariant
 .text.startup.main
                0x00002852       0x1e C:\src\arduino\AxisReader\AxisReader\ArduinoCore\Debug\libArduinoCore.a(main.o)
                0x00002852                main
 .text._Znwj    0x00002870        0x4 C:\src\arduino\AxisReader\AxisReader\ArduinoCore\Debug\libArduinoCore.a(new.o)
                0x00002870                _Znwj
 .text._Znaj    0x00002874        0x4 C:\src\arduino\AxisReader\AxisReader\ArduinoCore\Debug\libArduinoCore.a(new.o)
                0x00002874                _Znaj
 .text._ZdlPv   0x00002878        0x4 C:\src\arduino\AxisReader\AxisReader\ArduinoCore\Debug\libArduinoCore.a(new.o)
                0x00002878                _ZdlPv
 .text._ZN5Print5writeEPKhj
                0x0000287c       0x54 C:\src\arduino\AxisReader\AxisReader\ArduinoCore\Debug\libArduinoCore.a(Print.o)
                0x0000287c                _ZN5Print5writeEPKhj
 .text._ZN5Print5writeEPKc
                0x000028d0       0x2a C:\src\arduino\AxisReader\AxisReader\ArduinoCore\Debug\libArduinoCore.a(Print.o)
                0x000028d0                _ZN5Print5writeEPKc
 .text._ZN5Print7printlnEv
                0x000028fa        0x8 C:\src\arduino\AxisReader\AxisReader\ArduinoCore\Debug\libArduinoCore.a(Print.o)
                0x000028fa                _ZN5Print7printlnEv
 .text._ZN5Print7printlnEPKc
                0x00002902       0x24 C:\src\arduino\AxisReader\AxisReader\ArduinoCore\Debug\libArduinoCore.a(Print.o)
                0x00002902                _ZN5Print7printlnEPKc
 .text._ZN7TwoWire9availableEv
                0x00002926       0x10 C:\src\arduino\AxisReader\AxisReader\ArduinoCore\Debug\libArduinoCore.a(Wire.o)
                0x00002926                _ZN7TwoWire9availableEv
 .text._ZN7TwoWire4readEv
                0x00002936       0x28 C:\src\arduino\AxisReader\AxisReader\ArduinoCore\Debug\libArduinoCore.a(Wire.o)
                0x00002936                _ZN7TwoWire4readEv
 .text._ZN7TwoWire4peekEv
                0x0000295e       0x1e C:\src\arduino\AxisReader\AxisReader\ArduinoCore\Debug\libArduinoCore.a(Wire.o)
                0x0000295e                _ZN7TwoWire4peekEv
 .text._ZN7TwoWire5flushEv
                0x0000297c        0x2 C:\src\arduino\AxisReader\AxisReader\ArduinoCore\Debug\libArduinoCore.a(Wire.o)
                0x0000297c                _ZN7TwoWire5flushEv
 .text._ZN7TwoWire5writeEPKhj
                0x0000297e       0x5a C:\src\arduino\AxisReader\AxisReader\ArduinoCore\Debug\libArduinoCore.a(Wire.o)
                0x0000297e                _ZN7TwoWire5writeEPKhj
 .text._ZN7TwoWire5writeEh
                0x000029d8       0x5e C:\src\arduino\AxisReader\AxisReader\ArduinoCore\Debug\libArduinoCore.a(Wire.o)
                0x000029d8                _ZN7TwoWire5writeEh
 .text._ZN7TwoWireC2Ev
                0x00002a36       0x20 C:\src\arduino\AxisReader\AxisReader\ArduinoCore\Debug\libArduinoCore.a(Wire.o)
                0x00002a36                _ZN7TwoWireC1Ev
                0x00002a36                _ZN7TwoWireC2Ev
 .text._ZN7TwoWire5beginEv
                0x00002a56       0x14 C:\src\arduino\AxisReader\AxisReader\ArduinoCore\Debug\libArduinoCore.a(Wire.o)
                0x00002a56                _ZN7TwoWire5beginEv
 .text._ZN7TwoWire17beginTransmissionEh
                0x00002a6a       0x14 C:\src\arduino\AxisReader\AxisReader\ArduinoCore\Debug\libArduinoCore.a(Wire.o)
                0x00002a6a                _ZN7TwoWire17beginTransmissionEh
 .text._ZN7TwoWire15endTransmissionEh
                0x00002a7e       0x26 C:\src\arduino\AxisReader\AxisReader\ArduinoCore\Debug\libArduinoCore.a(Wire.o)
                0x00002a7e                _ZN7TwoWire15endTransmissionEh
 .text._ZN7TwoWire11requestFromEhhmhh
                0x00002aa4       0xa8 C:\src\arduino\AxisReader\AxisReader\ArduinoCore\Debug\libArduinoCore.a(Wire.o)
                0x00002aa4                _ZN7TwoWire11requestFromEhhmhh
 .text._ZN7TwoWire11requestFromEhhh
                0x00002b4c       0x20 C:\src\arduino\AxisReader\AxisReader\ArduinoCore\Debug\libArduinoCore.a(Wire.o)
                0x00002b4c                _ZN7TwoWire11requestFromEhhh
 .text._ZN7TwoWire11requestFromEhh
                0x00002b6c        0x6 C:\src\arduino\AxisReader\AxisReader\ArduinoCore\Debug\libArduinoCore.a(Wire.o)
                0x00002b6c                _ZN7TwoWire11requestFromEhh
 .text._ZN7TwoWire15endTransmissionEv
                0x00002b72        0x6 C:\src\arduino\AxisReader\AxisReader\ArduinoCore\Debug\libArduinoCore.a(Wire.o)
                0x00002b72                _ZN7TwoWire15endTransmissionEv
 .text.startup._GLOBAL__sub_I__ZN7TwoWire8rxBufferE
                0x00002b78        0x8 C:\src\arduino\AxisReader\AxisReader\ArduinoCore\Debug\libArduinoCore.a(Wire.o)
 .text.__vector_16
                0x00002b80       0x94 C:\src\arduino\AxisReader\AxisReader\ArduinoCore\Debug\libArduinoCore.a(wiring.o)
                0x00002b80                __vector_16
 .text.millis   0x00002c14       0x18 C:\src\arduino\AxisReader\AxisReader\ArduinoCore\Debug\libArduinoCore.a(wiring.o)
                0x00002c14                millis
 .text.micros   0x00002c2c       0x4a C:\src\arduino\AxisReader\AxisReader\ArduinoCore\Debug\libArduinoCore.a(wiring.o)
                0x00002c2c                micros
 .text.delay    0x00002c76       0x78 C:\src\arduino\AxisReader\AxisReader\ArduinoCore\Debug\libArduinoCore.a(wiring.o)
                0x00002c76                delay
 .text.init     0x00002cee       0x76 C:\src\arduino\AxisReader\AxisReader\ArduinoCore\Debug\libArduinoCore.a(wiring.o)
                0x00002cee                init
 .text.analogWrite
                0x00002d64       0xbe C:\src\arduino\AxisReader\AxisReader\ArduinoCore\Debug\libArduinoCore.a(wiring_analog.o)
                0x00002d64                analogWrite
 .text.turnOffPWM
                0x00002e22       0x52 C:\src\arduino\AxisReader\AxisReader\ArduinoCore\Debug\libArduinoCore.a(wiring_digital.o)
 .text.pinMode  0x00002e74       0x78 C:\src\arduino\AxisReader\AxisReader\ArduinoCore\Debug\libArduinoCore.a(wiring_digital.o)
                0x00002e74                pinMode
 .text.digitalWrite
                0x00002eec       0x5e C:\src\arduino\AxisReader\AxisReader\ArduinoCore\Debug\libArduinoCore.a(wiring_digital.o)
                0x00002eec                digitalWrite
 .text.__empty  0x00002f4a        0x2 C:\src\arduino\AxisReader\AxisReader\ArduinoCore\Debug\libArduinoCore.a(hooks.o)
                0x00002f4a                yield
 .text.twi_init
                0x00002f4c       0x3c C:\src\arduino\AxisReader\AxisReader\ArduinoCore\Debug\libArduinoCore.a(twi.o)
                0x00002f4c                twi_init
 .text.twi_readFrom
                0x00002f88       0x90 C:\src\arduino\AxisReader\AxisReader\ArduinoCore\Debug\libArduinoCore.a(twi.o)
                0x00002f88                twi_readFrom
 .text.twi_writeTo
                0x00003018       0xac C:\src\arduino\AxisReader\AxisReader\ArduinoCore\Debug\libArduinoCore.a(twi.o)
                0x00003018                twi_writeTo
 .text.twi_transmit
                0x000030c4       0x50 C:\src\arduino\AxisReader\AxisReader\ArduinoCore\Debug\libArduinoCore.a(twi.o)
                0x000030c4                twi_transmit
 .text.twi_stop
                0x00003114       0x14 C:\src\arduino\AxisReader\AxisReader\ArduinoCore\Debug\libArduinoCore.a(twi.o)
                0x00003114                twi_stop
 .text.twi_releaseBus
                0x00003128        0xc C:\src\arduino\AxisReader\AxisReader\ArduinoCore\Debug\libArduinoCore.a(twi.o)
                0x00003128                twi_releaseBus
 .text.__vector_24
                0x00003134      0x25a C:\src\arduino\AxisReader\AxisReader\ArduinoCore\Debug\libArduinoCore.a(twi.o)
                0x00003134                __vector_24
 .text.libgcc.div
                0x0000338e       0x28 c:/program files (x86)/atmel/studio/7.0/toolchain/avr8/avr8-gnu-toolchain/bin/../lib/gcc/avr/5.4.0/avr5\libgcc.a(_divmodhi4.o)
                0x0000338e                _div
                0x0000338e                __divmodhi4
 .text.libgcc.div
                0x000033b6       0x44 c:/program files (x86)/atmel/studio/7.0/toolchain/avr8/avr8-gnu-toolchain/bin/../lib/gcc/avr/5.4.0/avr5\libgcc.a(_udivmodsi4.o)
                0x000033b6                __udivmodsi4
 .text.libgcc   0x000033fa        0xc c:/program files (x86)/atmel/studio/7.0/toolchain/avr8/avr8-gnu-toolchain/bin/../lib/gcc/avr/5.4.0/avr5\libgcc.a(_tablejump2.o)
                0x000033fa                __tablejump2__
 .text.libgcc.div
                0x00003406       0x28 c:/program files (x86)/atmel/studio/7.0/toolchain/avr8/avr8-gnu-toolchain/bin/../lib/gcc/avr/5.4.0/avr5\libgcc.a(_udivmodhi4.o)
                0x00003406                __udivmodhi4
 .text.avr-libc
                0x0000342e       0x40 c:/program files (x86)/atmel/studio/7.0/toolchain/avr8/avr8-gnu-toolchain/bin/../lib/gcc/avr/5.4.0/../../../../avr/lib/avr5\libc.a(dtostrf.o)
                0x0000342e                dtostrf
 .text.avr-libc
                0x0000346e      0x242 c:/program files (x86)/atmel/studio/7.0/toolchain/avr8/avr8-gnu-toolchain/bin/../lib/gcc/avr/5.4.0/../../../../avr/lib/avr5\libc.a(malloc.o)
                0x0000346e                malloc
                0x0000359e                free
 .text.avr-libc
                0x000036b0        0xe c:/program files (x86)/atmel/studio/7.0/toolchain/avr8/avr8-gnu-toolchain/bin/../lib/gcc/avr/5.4.0/../../../../avr/lib/avr5\libc.a(strcpy_P.o)
                0x000036b0                strcpy_P
 .text.avr-libc
                0x000036be       0x12 c:/program files (x86)/atmel/studio/7.0/toolchain/avr8/avr8-gnu-toolchain/bin/../lib/gcc/avr/5.4.0/../../../../avr/lib/avr5\libc.a(memcpy.o)
                0x000036be                memcpy
 .text.avr-libc
                0x000036d0        0xe c:/program files (x86)/atmel/studio/7.0/toolchain/avr8/avr8-gnu-toolchain/bin/../lib/gcc/avr/5.4.0/../../../../avr/lib/avr5\libc.a(memset.o)
                0x000036d0                memset
 .text.avr-libc
                0x000036de       0x16 c:/program files (x86)/atmel/studio/7.0/toolchain/avr8/avr8-gnu-toolchain/bin/../lib/gcc/avr/5.4.0/../../../../avr/lib/avr5\libc.a(itoa_ncheck.o)
                0x000036de                __itoa_ncheck
 .text.avr-libc
                0x000036f4       0x44 c:/program files (x86)/atmel/studio/7.0/toolchain/avr8/avr8-gnu-toolchain/bin/../lib/gcc/avr/5.4.0/../../../../avr/lib/avr5\libc.a(ultoa_ncheck.o)
                0x000036f4                __ultoa_ncheck
                0x000036f6                __ultoa_common
 .text.avr-libc
                0x00003738       0x34 c:/program files (x86)/atmel/studio/7.0/toolchain/avr8/avr8-gnu-toolchain/bin/../lib/gcc/avr/5.4.0/../../../../avr/lib/avr5\libc.a(utoa_ncheck.o)
                0x00003738                __utoa_ncheck
                0x0000373a                __utoa_common
 .text.avr-libc
                0x0000376c       0x44 c:/program files (x86)/atmel/studio/7.0/toolchain/avr8/avr8-gnu-toolchain/bin/../lib/gcc/avr/5.4.0/../../../../avr/lib/avr5\libc.a(sprintf.o)
                0x0000376c                sprintf
 .text.avr-libc
                0x000037b0      0x3c2 c:/program files (x86)/atmel/studio/7.0/toolchain/avr8/avr8-gnu-toolchain/bin/../lib/gcc/avr/5.4.0/../../../../avr/lib/avr5\libc.a(vfprintf_std.o)
                0x000037b0                vfprintf
 .text.avr-libc
                0x00003b72      0x2b4 c:/program files (x86)/atmel/studio/7.0/toolchain/avr8/avr8-gnu-toolchain/bin/../lib/gcc/avr/5.4.0/../../../../avr/lib/avr5\libc.a(dtoa_prf.o)
                0x00003b72                dtoa_prf
 .text.avr-libc
                0x00003e26      0x1b0 c:/program files (x86)/atmel/studio/7.0/toolchain/avr8/avr8-gnu-toolchain/bin/../lib/gcc/avr/5.4.0/../../../../avr/lib/avr5\libc.a(ftoa_engine.o)
                0x00003e26                __ftoa_engine
 .text.avr-libc
                0x00003fd6       0x16 c:/program files (x86)/atmel/studio/7.0/toolchain/avr8/avr8-gnu-toolchain/bin/../lib/gcc/avr/5.4.0/../../../../avr/lib/avr5\libc.a(strnlen_P.o)
                0x00003fd6                strnlen_P
 .text.avr-libc
                0x00003fec       0x16 c:/program files (x86)/atmel/studio/7.0/toolchain/avr8/avr8-gnu-toolchain/bin/../lib/gcc/avr/5.4.0/../../../../avr/lib/avr5\libc.a(strnlen.o)
                0x00003fec                strnlen
 .text.avr-libc
                0x00004002       0x20 c:/program files (x86)/atmel/studio/7.0/toolchain/avr8/avr8-gnu-toolchain/bin/../lib/gcc/avr/5.4.0/../../../../avr/lib/avr5\libc.a(strrev.o)
                0x00004002                strrev
 .text.avr-libc
                0x00004022       0x78 c:/program files (x86)/atmel/studio/7.0/toolchain/avr8/avr8-gnu-toolchain/bin/../lib/gcc/avr/5.4.0/../../../../avr/lib/avr5\libc.a(fputc.o)
                0x00004022                fputc
 .text.avr-libc
                0x0000409a       0xbc c:/program files (x86)/atmel/studio/7.0/toolchain/avr8/avr8-gnu-toolchain/bin/../lib/gcc/avr/5.4.0/../../../../avr/lib/avr5\libc.a(ultoa_invert.o)
                0x0000409a                __ultoa_invert
 .text.libgcc.prologue
                0x00004156       0x38 c:/program files (x86)/atmel/studio/7.0/toolchain/avr8/avr8-gnu-toolchain/bin/../lib/gcc/avr/5.4.0/avr5\libgcc.a(_prologue.o)
                0x00004156                __prologue_saves__
 .text.libgcc.prologue
                0x0000418e       0x36 c:/program files (x86)/atmel/studio/7.0/toolchain/avr8/avr8-gnu-toolchain/bin/../lib/gcc/avr/5.4.0/avr5\libgcc.a(_epilogue.o)
                0x0000418e                __epilogue_restores__
                0x000041c4                . = ALIGN (0x2)
 *(.fini9)
 .fini9         0x000041c4        0x0 c:/program files (x86)/atmel/studio/7.0/toolchain/avr8/avr8-gnu-toolchain/bin/../lib/gcc/avr/5.4.0/avr5\libgcc.a(_exit.o)
                0x000041c4                _exit
                0x000041c4                exit
 *(.fini9)
 *(.fini8)
 *(.fini8)
 *(.fini7)
 *(.fini7)
 *(.fini6)
 .fini6         0x000041c4       0x16 c:/program files (x86)/atmel/studio/7.0/toolchain/avr8/avr8-gnu-toolchain/bin/../lib/gcc/avr/5.4.0/avr5\libgcc.a(_dtors.o)
                0x000041c4                __do_global_dtors
 *(.fini6)
 *(.fini5)
 *(.fini5)
 *(.fini4)
 *(.fini4)
 *(.fini3)
 *(.fini3)
 *(.fini2)
 *(.fini2)
 *(.fini1)
 *(.fini1)
 *(.fini0)
 .fini0         0x000041da        0x4 c:/program files (x86)/atmel/studio/7.0/toolchain/avr8/avr8-gnu-toolchain/bin/../lib/gcc/avr/5.4.0/avr5\libgcc.a(_exit.o)
 *(.fini0)
                0x000041de                _etext = .

.data           0x00800100      0x11a load address 0x000041de
                0x00800100                PROVIDE (__data_start, .)
 *(.data)
 .data          0x00800100        0x6 c:/program files (x86)/atmel/studio/7.0/toolchain/avr8/avr8-gnu-toolchain/bin/../lib/gcc/avr/5.4.0/../../../../avr/lib/avr5\libc.a(malloc.o)
                0x00800100                __malloc_heap_end
                0x00800102                __malloc_heap_start
                0x00800104                __malloc_margin
 *(.data*)
 .data.OUTPUT_BUF_SIZE
                0x00800106        0x2 LibCpp/ArdusatSDK/ArdusatSDK.o
                0x00800106                OUTPUT_BUF_SIZE
 .data.Setpoint
                0x00800108        0x4 main.o
                0x00800108                Setpoint
 *(.rodata)
 *(.rodata*)
 .rodata.str1.1
                0x0080010c       0x51 LibCpp/ArdusatSDK/ArdusatSDK.o
                                 0x52 (size before relaxing)
 .rodata.CSWTCH.89
                0x0080015d       0x16 LibCpp/ArdusatSDK/ArdusatSDK.o
 .rodata._ZTV8Magnetic
                0x00800173        0xc LibCpp/ArdusatSDK/ArdusatSDK.o
                0x00800173                _ZTV8Magnetic
 .rodata._ZTV13ArdusatSerial
                0x0080017f       0x10 LibCpp/ArdusatSDK/utility/serial.o
                0x0080017f                _ZTV13ArdusatSerial
 .rodata._ZTV14SoftwareSerial
                0x0080018f       0x10 LibCpp/ArdusatSDK/utility/SoftwareSerial.o
                0x0080018f                _ZTV14SoftwareSerial
 .rodata.str1.1
                0x0080019f       0x4c main.o
 .rodata._ZTV14HardwareSerial
                0x008001eb       0x10 C:\src\arduino\AxisReader\AxisReader\ArduinoCore\Debug\libArduinoCore.a(HardwareSerial.o)
                0x008001eb                _ZTV14HardwareSerial
 .rodata.str1.1
                0x008001fb        0xf C:\src\arduino\AxisReader\AxisReader\ArduinoCore\Debug\libArduinoCore.a(Print.o)
 .rodata._ZTV7TwoWire
                0x0080020a       0x10 C:\src\arduino\AxisReader\AxisReader\ArduinoCore\Debug\libArduinoCore.a(Wire.o)
                0x0080020a                _ZTV7TwoWire
 *(.gnu.linkonce.d*)
                0x0080021a                . = ALIGN (0x2)
                0x0080021a                _edata = .
                0x0080021a                PROVIDE (__data_end, .)

.bss            0x0080021a      0x204
                0x0080021a                PROVIDE (__bss_start, .)
 *(.bss)
 *(.bss*)
 .bss._ZL15_output_buf_len
                0x0080021a        0x2 LibCpp/ArdusatSDK/ArdusatSDK.o
 .bss._output_buffer
                0x0080021c        0x2 LibCpp/ArdusatSDK/ArdusatSDK.o
                0x0080021c                _output_buffer
 .bss.ARDUSAT_SPACEBOARD
                0x0080021e        0x1 LibCpp/ArdusatSDK/ArdusatSDK.o
                0x0080021e                ARDUSAT_SPACEBOARD
 .bss.MANUAL_CONFIG
                0x0080021f        0x1 LibCpp/ArdusatSDK/ArdusatSDK.o
                0x0080021f                MANUAL_CONFIG
 .bss.si1132_uv
                0x00800220        0x1 LibCpp/ArdusatSDK/utility/drivers.o
                0x00800220                si1132_uv
 .bss.tcs34725  0x00800221        0x3 LibCpp/ArdusatSDK/utility/drivers.o
                0x00800221                tcs34725
 .bss.isl29125  0x00800224        0x1 LibCpp/ArdusatSDK/utility/drivers.o
                0x00800224                isl29125
 .bss.ml8511_uv_adc
                0x00800225        0x1 LibCpp/ArdusatSDK/utility/drivers.o
                0x00800225                ml8511_uv_adc
 .bss.lsm       0x00800226       0x1a LibCpp/ArdusatSDK/utility/drivers.o
                0x00800226                lsm
 .bss._ZL20_lsm303_d_mag_config
                0x00800240        0x1 LibCpp/ArdusatSDK/utility/drivers.o
 .bss._ZN14SoftwareSerial20_receive_buffer_headE
                0x00800241        0x1 LibCpp/ArdusatSDK/utility/SoftwareSerial.o
                0x00800241                _ZN14SoftwareSerial20_receive_buffer_headE
 .bss._ZN14SoftwareSerial20_receive_buffer_tailE
                0x00800242        0x1 LibCpp/ArdusatSDK/utility/SoftwareSerial.o
                0x00800242                _ZN14SoftwareSerial20_receive_buffer_tailE
 .bss._ZN14SoftwareSerial15_receive_bufferE
                0x00800243       0x40 LibCpp/ArdusatSDK/utility/SoftwareSerial.o
                0x00800243                _ZN14SoftwareSerial15_receive_bufferE
 .bss._ZN14SoftwareSerial13active_objectE
                0x00800283        0x2 LibCpp/ArdusatSDK/utility/SoftwareSerial.o
                0x00800283                _ZN14SoftwareSerial13active_objectE
 .bss.setPoint  0x00800285        0x4 main.o
                0x00800285                setPoint
 .bss.Input     0x00800289        0x4 main.o
                0x00800289                Input
 .bss.mag       0x0080028d       0x18 main.o
                0x0080028d                mag
 .bss.serialConnection
                0x008002a5        0xf main.o
                0x008002a5                serialConnection
 .bss.Serial    0x008002b4       0x9d C:\src\arduino\AxisReader\AxisReader\ArduinoCore\Debug\libArduinoCore.a(HardwareSerial0.o)
                0x008002b4                Serial
 .bss.Wire      0x00800351        0xc C:\src\arduino\AxisReader\AxisReader\ArduinoCore\Debug\libArduinoCore.a(Wire.o)
                0x00800351                Wire
 .bss._ZN7TwoWire12transmittingE
                0x0080035d        0x1 C:\src\arduino\AxisReader\AxisReader\ArduinoCore\Debug\libArduinoCore.a(Wire.o)
                0x0080035d                _ZN7TwoWire12transmittingE
 .bss._ZN7TwoWire14txBufferLengthE
                0x0080035e        0x1 C:\src\arduino\AxisReader\AxisReader\ArduinoCore\Debug\libArduinoCore.a(Wire.o)
                0x0080035e                _ZN7TwoWire14txBufferLengthE
 .bss._ZN7TwoWire13txBufferIndexE
                0x0080035f        0x1 C:\src\arduino\AxisReader\AxisReader\ArduinoCore\Debug\libArduinoCore.a(Wire.o)
                0x0080035f                _ZN7TwoWire13txBufferIndexE
 .bss._ZN7TwoWire8txBufferE
                0x00800360       0x20 C:\src\arduino\AxisReader\AxisReader\ArduinoCore\Debug\libArduinoCore.a(Wire.o)
                0x00800360                _ZN7TwoWire8txBufferE
 .bss._ZN7TwoWire9txAddressE
                0x00800380        0x1 C:\src\arduino\AxisReader\AxisReader\ArduinoCore\Debug\libArduinoCore.a(Wire.o)
                0x00800380                _ZN7TwoWire9txAddressE
 .bss._ZN7TwoWire14rxBufferLengthE
                0x00800381        0x1 C:\src\arduino\AxisReader\AxisReader\ArduinoCore\Debug\libArduinoCore.a(Wire.o)
                0x00800381                _ZN7TwoWire14rxBufferLengthE
 .bss._ZN7TwoWire13rxBufferIndexE
                0x00800382        0x1 C:\src\arduino\AxisReader\AxisReader\ArduinoCore\Debug\libArduinoCore.a(Wire.o)
                0x00800382                _ZN7TwoWire13rxBufferIndexE
 .bss._ZN7TwoWire8rxBufferE
                0x00800383       0x20 C:\src\arduino\AxisReader\AxisReader\ArduinoCore\Debug\libArduinoCore.a(Wire.o)
                0x00800383                _ZN7TwoWire8rxBufferE
 .bss.timer0_fract
                0x008003a3        0x1 C:\src\arduino\AxisReader\AxisReader\ArduinoCore\Debug\libArduinoCore.a(wiring.o)
 .bss.timer0_millis
                0x008003a4        0x4 C:\src\arduino\AxisReader\AxisReader\ArduinoCore\Debug\libArduinoCore.a(wiring.o)
                0x008003a4                timer0_millis
 .bss.timer0_overflow_count
                0x008003a8        0x4 C:\src\arduino\AxisReader\AxisReader\ArduinoCore\Debug\libArduinoCore.a(wiring.o)
                0x008003a8                timer0_overflow_count
 .bss.twi_error
                0x008003ac        0x1 C:\src\arduino\AxisReader\AxisReader\ArduinoCore\Debug\libArduinoCore.a(twi.o)
 .bss.twi_rxBufferIndex
                0x008003ad        0x1 C:\src\arduino\AxisReader\AxisReader\ArduinoCore\Debug\libArduinoCore.a(twi.o)
 .bss.twi_rxBuffer
                0x008003ae       0x20 C:\src\arduino\AxisReader\AxisReader\ArduinoCore\Debug\libArduinoCore.a(twi.o)
 .bss.twi_txBufferLength
                0x008003ce        0x1 C:\src\arduino\AxisReader\AxisReader\ArduinoCore\Debug\libArduinoCore.a(twi.o)
 .bss.twi_txBufferIndex
                0x008003cf        0x1 C:\src\arduino\AxisReader\AxisReader\ArduinoCore\Debug\libArduinoCore.a(twi.o)
 .bss.twi_txBuffer
                0x008003d0       0x20 C:\src\arduino\AxisReader\AxisReader\ArduinoCore\Debug\libArduinoCore.a(twi.o)
 .bss.twi_masterBufferLength
                0x008003f0        0x1 C:\src\arduino\AxisReader\AxisReader\ArduinoCore\Debug\libArduinoCore.a(twi.o)
 .bss.twi_masterBufferIndex
                0x008003f1        0x1 C:\src\arduino\AxisReader\AxisReader\ArduinoCore\Debug\libArduinoCore.a(twi.o)
 .bss.twi_masterBuffer
                0x008003f2       0x20 C:\src\arduino\AxisReader\AxisReader\ArduinoCore\Debug\libArduinoCore.a(twi.o)
 .bss.twi_onSlaveReceive
                0x00800412        0x2 C:\src\arduino\AxisReader\AxisReader\ArduinoCore\Debug\libArduinoCore.a(twi.o)
 .bss.twi_onSlaveTransmit
                0x00800414        0x2 C:\src\arduino\AxisReader\AxisReader\ArduinoCore\Debug\libArduinoCore.a(twi.o)
 .bss.twi_inRepStart
                0x00800416        0x1 C:\src\arduino\AxisReader\AxisReader\ArduinoCore\Debug\libArduinoCore.a(twi.o)
 .bss.twi_sendStop
                0x00800417        0x1 C:\src\arduino\AxisReader\AxisReader\ArduinoCore\Debug\libArduinoCore.a(twi.o)
 .bss.twi_slarw
                0x00800418        0x1 C:\src\arduino\AxisReader\AxisReader\ArduinoCore\Debug\libArduinoCore.a(twi.o)
 .bss.twi_state
                0x00800419        0x1 C:\src\arduino\AxisReader\AxisReader\ArduinoCore\Debug\libArduinoCore.a(twi.o)
 *(COMMON)
 COMMON         0x0080041a        0x4 c:/program files (x86)/atmel/studio/7.0/toolchain/avr8/avr8-gnu-toolchain/bin/../lib/gcc/avr/5.4.0/../../../../avr/lib/avr5\libc.a(malloc.o)
                0x0080041a                __brkval
                0x0080041c                __flp
                0x0080041e                PROVIDE (__bss_end, .)
                0x000041de                __data_load_start = LOADADDR (.data)
                0x000042f8                __data_load_end = (__data_load_start + SIZEOF (.data))

.noinit         0x0080041e        0x0
                [!provide]                PROVIDE (__noinit_start, .)
 *(.noinit*)
                [!provide]                PROVIDE (__noinit_end, .)
                0x0080041e                _end = .
                0x0080041e                PROVIDE (__heap_start, .)

.eeprom         0x00810000        0x0
 *(.eeprom*)
                0x00810000                __eeprom_end = .

.fuse
 *(.fuse)
 *(.lfuse)
 *(.hfuse)
 *(.efuse)

.lock
 *(.lock*)

.signature
 *(.signature*)

.user_signatures
 *(.user_signatures*)

.stab
 *(.stab)

.stabstr
 *(.stabstr)

.stab.excl
 *(.stab.excl)

.stab.exclstr
 *(.stab.exclstr)

.stab.index
 *(.stab.index)

.stab.indexstr
 *(.stab.indexstr)

.comment        0x00000000       0x5c
 *(.comment)
 .comment       0x00000000       0x30 LibCpp/ArdusatSDK/ArdusatSDK.o
                                 0x31 (size before relaxing)
 .comment       0x00000030       0x31 LibCpp/ArdusatSDK/utility/Adafruit_SI1145.o
 .comment       0x00000030       0x31 LibCpp/ArdusatSDK/utility/Adafruit_TCS34725.o
 .comment       0x00000030       0x31 LibCpp/ArdusatSDK/utility/common_utils.o
 .comment       0x00000030       0x31 LibCpp/ArdusatSDK/utility/drivers.o
 .comment       0x00000030       0x31 LibCpp/ArdusatSDK/utility/ML8511_ADC.o
 .comment       0x00000030       0x31 LibCpp/ArdusatSDK/utility/pololu_LSM303.o
 .comment       0x00000030       0x31 LibCpp/ArdusatSDK/utility/serial.o
 .comment       0x00000030       0x31 LibCpp/ArdusatSDK/utility/SoftwareSerial.o
 .comment       0x00000030       0x31 LibCpp/ArdusatSDK/utility/SparkFunISL29125.o
 .comment       0x00000030       0x31 main.o
 .comment       0x00000030       0x31 C:\src\arduino\AxisReader\AxisReader\ArduinoCore\Debug\libArduinoCore.a(HardwareSerial.o)
 .comment       0x00000030       0x31 C:\src\arduino\AxisReader\AxisReader\ArduinoCore\Debug\libArduinoCore.a(HardwareSerial0.o)
 .comment       0x00000030       0x31 C:\src\arduino\AxisReader\AxisReader\ArduinoCore\Debug\libArduinoCore.a(main.o)
 .comment       0x00000030       0x31 C:\src\arduino\AxisReader\AxisReader\ArduinoCore\Debug\libArduinoCore.a(new.o)
 .comment       0x00000030       0x31 C:\src\arduino\AxisReader\AxisReader\ArduinoCore\Debug\libArduinoCore.a(Print.o)
 .comment       0x00000030       0x31 C:\src\arduino\AxisReader\AxisReader\ArduinoCore\Debug\libArduinoCore.a(Wire.o)
 .comment       0x00000030       0x31 C:\src\arduino\AxisReader\AxisReader\ArduinoCore\Debug\libArduinoCore.a(wiring.o)
 .comment       0x00000030       0x31 C:\src\arduino\AxisReader\AxisReader\ArduinoCore\Debug\libArduinoCore.a(wiring_analog.o)
 .comment       0x00000030       0x31 C:\src\arduino\AxisReader\AxisReader\ArduinoCore\Debug\libArduinoCore.a(wiring_digital.o)
 .comment       0x00000030       0x31 C:\src\arduino\AxisReader\AxisReader\ArduinoCore\Debug\libArduinoCore.a(hooks.o)
 .comment       0x00000030       0x31 C:\src\arduino\AxisReader\AxisReader\ArduinoCore\Debug\libArduinoCore.a(twi.o)
 .comment       0x00000030       0x31 c:/program files (x86)/atmel/studio/7.0/toolchain/avr8/avr8-gnu-toolchain/bin/../lib/gcc/avr/5.4.0/../../../../avr/lib/avr5\libc.a(dtostrf.o)
 .comment       0x00000030       0x31 c:/program files (x86)/atmel/studio/7.0/toolchain/avr8/avr8-gnu-toolchain/bin/../lib/gcc/avr/5.4.0/../../../../avr/lib/avr5\libc.a(malloc.o)
 .comment       0x00000030       0x31 c:/program files (x86)/atmel/studio/7.0/toolchain/avr8/avr8-gnu-toolchain/bin/../lib/gcc/avr/5.4.0/../../../../avr/lib/avr5\libc.a(sprintf.o)
 .comment       0x00000030       0x2c c:/program files (x86)/atmel/studio/7.0/toolchain/avr8/avr8-gnu-toolchain/bin/../lib/gcc/avr/5.4.0/../../../../avr/lib/avr5\libc.a(vfprintf_std.o)
                                 0x2d (size before relaxing)
 .comment       0x0000005c       0x31 c:/program files (x86)/atmel/studio/7.0/toolchain/avr8/avr8-gnu-toolchain/bin/../lib/gcc/avr/5.4.0/../../../../avr/lib/avr5\libc.a(dtoa_prf.o)
 .comment       0x0000005c       0x31 c:/program files (x86)/atmel/studio/7.0/toolchain/avr8/avr8-gnu-toolchain/bin/../lib/gcc/avr/5.4.0/../../../../avr/lib/avr5\libc.a(fputc.o)

.note.gnu.avr.deviceinfo
                0x00000000       0x40
 .note.gnu.avr.deviceinfo
                0x00000000       0x40 C:/Program Files (x86)/Atmel/Studio/7.0/Packs/atmel/ATmega_DFP/1.2.132/gcc/dev/atmega328p/avr5/crtatmega328p.o

.note.gnu.build-id
 *(.note.gnu.build-id)

.debug
 *(.debug)

.line
 *(.line)

.debug_srcinfo
 *(.debug_srcinfo)

.debug_sfnames
 *(.debug_sfnames)

.debug_aranges  0x00000000      0xc20
 *(.debug_aranges)
 .debug_aranges
                0x00000000      0x2f0 LibCpp/ArdusatSDK/ArdusatSDK.o
 .debug_aranges
                0x000002f0       0x60 LibCpp/ArdusatSDK/utility/Adafruit_SI1145.o
 .debug_aranges
                0x00000350       0x80 LibCpp/ArdusatSDK/utility/Adafruit_TCS34725.o
 .debug_aranges
                0x000003d0       0x28 LibCpp/ArdusatSDK/utility/common_utils.o
 .debug_aranges
                0x000003f8      0x170 LibCpp/ArdusatSDK/utility/drivers.o
 .debug_aranges
                0x00000568       0x30 LibCpp/ArdusatSDK/utility/ML8511_ADC.o
 .debug_aranges
                0x00000598       0x80 LibCpp/ArdusatSDK/utility/pololu_LSM303.o
 .debug_aranges
                0x00000618       0x68 LibCpp/ArdusatSDK/utility/serial.o
 .debug_aranges
                0x00000680       0xa8 LibCpp/ArdusatSDK/utility/SoftwareSerial.o
 .debug_aranges
                0x00000728       0x80 LibCpp/ArdusatSDK/utility/SparkFunISL29125.o
 .debug_aranges
                0x000007a8       0x58 main.o
 .debug_aranges
                0x00000800       0x68 C:\src\arduino\AxisReader\AxisReader\ArduinoCore\Debug\libArduinoCore.a(HardwareSerial.o)
 .debug_aranges
                0x00000868       0x38 C:\src\arduino\AxisReader\AxisReader\ArduinoCore\Debug\libArduinoCore.a(HardwareSerial0.o)
 .debug_aranges
                0x000008a0       0x30 C:\src\arduino\AxisReader\AxisReader\ArduinoCore\Debug\libArduinoCore.a(main.o)
 .debug_aranges
                0x000008d0       0x28 C:\src\arduino\AxisReader\AxisReader\ArduinoCore\Debug\libArduinoCore.a(new.o)
 .debug_aranges
                0x000008f8       0xf0 C:\src\arduino\AxisReader\AxisReader\ArduinoCore\Debug\libArduinoCore.a(Print.o)
 .debug_aranges
                0x000009e8       0xe8 C:\src\arduino\AxisReader\AxisReader\ArduinoCore\Debug\libArduinoCore.a(Wire.o)
 .debug_aranges
                0x00000ad0       0x48 C:\src\arduino\AxisReader\AxisReader\ArduinoCore\Debug\libArduinoCore.a(wiring.o)
 .debug_aranges
                0x00000b18       0x30 C:\src\arduino\AxisReader\AxisReader\ArduinoCore\Debug\libArduinoCore.a(wiring_analog.o)
 .debug_aranges
                0x00000b48       0x38 C:\src\arduino\AxisReader\AxisReader\ArduinoCore\Debug\libArduinoCore.a(wiring_digital.o)
 .debug_aranges
                0x00000b80       0x20 C:\src\arduino\AxisReader\AxisReader\ArduinoCore\Debug\libArduinoCore.a(hooks.o)
 .debug_aranges
                0x00000ba0       0x80 C:\src\arduino\AxisReader\AxisReader\ArduinoCore\Debug\libArduinoCore.a(twi.o)

.debug_pubnames
 *(.debug_pubnames)

.debug_info     0x00000000    0x1aaf4
 *(.debug_info .gnu.linkonce.wi.*)
 .debug_info    0x00000000      0x5f4 C:/Program Files (x86)/Atmel/Studio/7.0/Packs/atmel/ATmega_DFP/1.2.132/gcc/dev/atmega328p/avr5/crtatmega328p.o
 .debug_info    0x000005f4     0x4b94 LibCpp/ArdusatSDK/ArdusatSDK.o
 .debug_info    0x00005188      0xcfc LibCpp/ArdusatSDK/utility/Adafruit_SI1145.o
 .debug_info    0x00005e84      0xeb4 LibCpp/ArdusatSDK/utility/Adafruit_TCS34725.o
 .debug_info    0x00006d38      0x3c4 LibCpp/ArdusatSDK/utility/common_utils.o
 .debug_info    0x000070fc     0x2c5b LibCpp/ArdusatSDK/utility/drivers.o
 .debug_info    0x00009d57      0x3e0 LibCpp/ArdusatSDK/utility/ML8511_ADC.o
 .debug_info    0x0000a137      0xfb9 LibCpp/ArdusatSDK/utility/pololu_LSM303.o
 .debug_info    0x0000b0f0     0x2087 LibCpp/ArdusatSDK/utility/serial.o
 .debug_info    0x0000d177     0x28d9 LibCpp/ArdusatSDK/utility/SoftwareSerial.o
 .debug_info    0x0000fa50      0xa8a LibCpp/ArdusatSDK/utility/SparkFunISL29125.o
 .debug_info    0x000104da      0x87c main.o
 .debug_info    0x00010d56     0x1ea5 C:\src\arduino\AxisReader\AxisReader\ArduinoCore\Debug\libArduinoCore.a(HardwareSerial.o)
 .debug_info    0x00012bfb     0x1a99 C:\src\arduino\AxisReader\AxisReader\ArduinoCore\Debug\libArduinoCore.a(HardwareSerial0.o)
 .debug_info    0x00014694      0x237 C:\src\arduino\AxisReader\AxisReader\ArduinoCore\Debug\libArduinoCore.a(main.o)
 .debug_info    0x000148cb      0x11c C:\src\arduino\AxisReader\AxisReader\ArduinoCore\Debug\libArduinoCore.a(new.o)
 .debug_info    0x000149e7     0x285e C:\src\arduino\AxisReader\AxisReader\ArduinoCore\Debug\libArduinoCore.a(Print.o)
 .debug_info    0x00017245     0x2737 C:\src\arduino\AxisReader\AxisReader\ArduinoCore\Debug\libArduinoCore.a(Wire.o)
 .debug_info    0x0001997c      0x2cb C:\src\arduino\AxisReader\AxisReader\ArduinoCore\Debug\libArduinoCore.a(wiring.o)
 .debug_info    0x00019c47      0x26d C:\src\arduino\AxisReader\AxisReader\ArduinoCore\Debug\libArduinoCore.a(wiring_analog.o)
 .debug_info    0x00019eb4      0x5fe C:\src\arduino\AxisReader\AxisReader\ArduinoCore\Debug\libArduinoCore.a(wiring_digital.o)
 .debug_info    0x0001a4b2       0x3e C:\src\arduino\AxisReader\AxisReader\ArduinoCore\Debug\libArduinoCore.a(hooks.o)
 .debug_info    0x0001a4f0      0x604 C:\src\arduino\AxisReader\AxisReader\ArduinoCore\Debug\libArduinoCore.a(twi.o)

.debug_abbrev   0x00000000     0x4a90
 *(.debug_abbrev)
 .debug_abbrev  0x00000000      0x5a2 C:/Program Files (x86)/Atmel/Studio/7.0/Packs/atmel/ATmega_DFP/1.2.132/gcc/dev/atmega328p/avr5/crtatmega328p.o
 .debug_abbrev  0x000005a2      0x6f4 LibCpp/ArdusatSDK/ArdusatSDK.o
 .debug_abbrev  0x00000c96      0x24b LibCpp/ArdusatSDK/utility/Adafruit_SI1145.o
 .debug_abbrev  0x00000ee1      0x3ba LibCpp/ArdusatSDK/utility/Adafruit_TCS34725.o
 .debug_abbrev  0x0000129b      0x173 LibCpp/ArdusatSDK/utility/common_utils.o
 .debug_abbrev  0x0000140e      0x67f LibCpp/ArdusatSDK/utility/drivers.o
 .debug_abbrev  0x00001a8d      0x201 LibCpp/ArdusatSDK/utility/ML8511_ADC.o
 .debug_abbrev  0x00001c8e      0x353 LibCpp/ArdusatSDK/utility/pololu_LSM303.o
 .debug_abbrev  0x00001fe1      0x4a6 LibCpp/ArdusatSDK/utility/serial.o
 .debug_abbrev  0x00002487      0x646 LibCpp/ArdusatSDK/utility/SoftwareSerial.o
 .debug_abbrev  0x00002acd      0x20d LibCpp/ArdusatSDK/utility/SparkFunISL29125.o
 .debug_abbrev  0x00002cda      0x365 main.o
 .debug_abbrev  0x0000303f      0x432 C:\src\arduino\AxisReader\AxisReader\ArduinoCore\Debug\libArduinoCore.a(HardwareSerial.o)
 .debug_abbrev  0x00003471      0x3a2 C:\src\arduino\AxisReader\AxisReader\ArduinoCore\Debug\libArduinoCore.a(HardwareSerial0.o)
 .debug_abbrev  0x00003813      0x12d C:\src\arduino\AxisReader\AxisReader\ArduinoCore\Debug\libArduinoCore.a(main.o)
 .debug_abbrev  0x00003940       0xce C:\src\arduino\AxisReader\AxisReader\ArduinoCore\Debug\libArduinoCore.a(new.o)
 .debug_abbrev  0x00003a0e      0x469 C:\src\arduino\AxisReader\AxisReader\ArduinoCore\Debug\libArduinoCore.a(Print.o)
 .debug_abbrev  0x00003e77      0x583 C:\src\arduino\AxisReader\AxisReader\ArduinoCore\Debug\libArduinoCore.a(Wire.o)
 .debug_abbrev  0x000043fa      0x146 C:\src\arduino\AxisReader\AxisReader\ArduinoCore\Debug\libArduinoCore.a(wiring.o)
 .debug_abbrev  0x00004540      0x16b C:\src\arduino\AxisReader\AxisReader\ArduinoCore\Debug\libArduinoCore.a(wiring_analog.o)
 .debug_abbrev  0x000046ab      0x15b C:\src\arduino\AxisReader\AxisReader\ArduinoCore\Debug\libArduinoCore.a(wiring_digital.o)
 .debug_abbrev  0x00004806       0x2a C:\src\arduino\AxisReader\AxisReader\ArduinoCore\Debug\libArduinoCore.a(hooks.o)
 .debug_abbrev  0x00004830      0x260 C:\src\arduino\AxisReader\AxisReader\ArduinoCore\Debug\libArduinoCore.a(twi.o)

.debug_line     0x00000000     0x6b0a
 *(.debug_line .debug_line.* .debug_line_end)
 .debug_line    0x00000000      0x133 C:/Program Files (x86)/Atmel/Studio/7.0/Packs/atmel/ATmega_DFP/1.2.132/gcc/dev/atmega328p/avr5/crtatmega328p.o
 .debug_line    0x00000133     0x130a LibCpp/ArdusatSDK/ArdusatSDK.o
 .debug_line    0x0000143d      0x41d LibCpp/ArdusatSDK/utility/Adafruit_SI1145.o
 .debug_line    0x0000185a      0x4c3 LibCpp/ArdusatSDK/utility/Adafruit_TCS34725.o
 .debug_line    0x00001d1d      0x267 LibCpp/ArdusatSDK/utility/common_utils.o
 .debug_line    0x00001f84      0xdfc LibCpp/ArdusatSDK/utility/drivers.o
 .debug_line    0x00002d80      0x229 LibCpp/ArdusatSDK/utility/ML8511_ADC.o
 .debug_line    0x00002fa9      0x7b2 LibCpp/ArdusatSDK/utility/pololu_LSM303.o
 .debug_line    0x0000375b      0x42c LibCpp/ArdusatSDK/utility/serial.o
 .debug_line    0x00003b87      0x6d2 LibCpp/ArdusatSDK/utility/SoftwareSerial.o
 .debug_line    0x00004259      0x3c0 LibCpp/ArdusatSDK/utility/SparkFunISL29125.o
 .debug_line    0x00004619      0x43d main.o
 .debug_line    0x00004a56      0x426 C:\src\arduino\AxisReader\AxisReader\ArduinoCore\Debug\libArduinoCore.a(HardwareSerial.o)
 .debug_line    0x00004e7c      0x257 C:\src\arduino\AxisReader\AxisReader\ArduinoCore\Debug\libArduinoCore.a(HardwareSerial0.o)
 .debug_line    0x000050d3      0x165 C:\src\arduino\AxisReader\AxisReader\ArduinoCore\Debug\libArduinoCore.a(main.o)
 .debug_line    0x00005238      0x12f C:\src\arduino\AxisReader\AxisReader\ArduinoCore\Debug\libArduinoCore.a(new.o)
 .debug_line    0x00005367      0x626 C:\src\arduino\AxisReader\AxisReader\ArduinoCore\Debug\libArduinoCore.a(Print.o)
 .debug_line    0x0000598d      0x55f C:\src\arduino\AxisReader\AxisReader\ArduinoCore\Debug\libArduinoCore.a(Wire.o)
 .debug_line    0x00005eec      0x299 C:\src\arduino\AxisReader\AxisReader\ArduinoCore\Debug\libArduinoCore.a(wiring.o)
 .debug_line    0x00006185      0x20f C:\src\arduino\AxisReader\AxisReader\ArduinoCore\Debug\libArduinoCore.a(wiring_analog.o)
 .debug_line    0x00006394      0x252 C:\src\arduino\AxisReader\AxisReader\ArduinoCore\Debug\libArduinoCore.a(wiring_digital.o)
 .debug_line    0x000065e6       0x41 C:\src\arduino\AxisReader\AxisReader\ArduinoCore\Debug\libArduinoCore.a(hooks.o)
 .debug_line    0x00006627      0x4e3 C:\src\arduino\AxisReader\AxisReader\ArduinoCore\Debug\libArduinoCore.a(twi.o)

.debug_frame    0x00000000     0x2d5c
 *(.debug_frame)
 .debug_frame   0x00000000      0xc88 LibCpp/ArdusatSDK/ArdusatSDK.o
 .debug_frame   0x00000c88      0x18c LibCpp/ArdusatSDK/utility/Adafruit_SI1145.o
 .debug_frame   0x00000e14      0x264 LibCpp/ArdusatSDK/utility/Adafruit_TCS34725.o
 .debug_frame   0x00001078       0x88 LibCpp/ArdusatSDK/utility/common_utils.o
 .debug_frame   0x00001100      0x704 LibCpp/ArdusatSDK/utility/drivers.o
 .debug_frame   0x00001804       0x7c LibCpp/ArdusatSDK/utility/ML8511_ADC.o
 .debug_frame   0x00001880      0x1c8 LibCpp/ArdusatSDK/utility/pololu_LSM303.o
 .debug_frame   0x00001a48      0x13c LibCpp/ArdusatSDK/utility/serial.o
 .debug_frame   0x00001b84      0x2c0 LibCpp/ArdusatSDK/utility/SoftwareSerial.o
 .debug_frame   0x00001e44      0x21c LibCpp/ArdusatSDK/utility/SparkFunISL29125.o
 .debug_frame   0x00002060      0x1a8 main.o
 .debug_frame   0x00002208      0x110 C:\src\arduino\AxisReader\AxisReader\ArduinoCore\Debug\libArduinoCore.a(HardwareSerial.o)
 .debug_frame   0x00002318       0xc0 C:\src\arduino\AxisReader\AxisReader\ArduinoCore\Debug\libArduinoCore.a(HardwareSerial0.o)
 .debug_frame   0x000023d8       0x54 C:\src\arduino\AxisReader\AxisReader\ArduinoCore\Debug\libArduinoCore.a(main.o)
 .debug_frame   0x0000242c       0x54 C:\src\arduino\AxisReader\AxisReader\ArduinoCore\Debug\libArduinoCore.a(new.o)
 .debug_frame   0x00002480      0x38c C:\src\arduino\AxisReader\AxisReader\ArduinoCore\Debug\libArduinoCore.a(Print.o)
 .debug_frame   0x0000280c      0x264 C:\src\arduino\AxisReader\AxisReader\ArduinoCore\Debug\libArduinoCore.a(Wire.o)
 .debug_frame   0x00002a70       0xc4 C:\src\arduino\AxisReader\AxisReader\ArduinoCore\Debug\libArduinoCore.a(wiring.o)
 .debug_frame   0x00002b34       0x54 C:\src\arduino\AxisReader\AxisReader\ArduinoCore\Debug\libArduinoCore.a(wiring_analog.o)
 .debug_frame   0x00002b88       0x7c C:\src\arduino\AxisReader\AxisReader\ArduinoCore\Debug\libArduinoCore.a(wiring_digital.o)
 .debug_frame   0x00002c04       0x24 C:\src\arduino\AxisReader\AxisReader\ArduinoCore\Debug\libArduinoCore.a(hooks.o)
 .debug_frame   0x00002c28      0x134 C:\src\arduino\AxisReader\AxisReader\ArduinoCore\Debug\libArduinoCore.a(twi.o)

.debug_str      0x00000000     0x646e
 *(.debug_str)
 .debug_str     0x00000000      0x208 C:/Program Files (x86)/Atmel/Studio/7.0/Packs/atmel/ATmega_DFP/1.2.132/gcc/dev/atmega328p/avr5/crtatmega328p.o
 .debug_str     0x00000208     0x1f3f LibCpp/ArdusatSDK/ArdusatSDK.o
                               0x2196 (size before relaxing)
 .debug_str     0x00002147      0x24d LibCpp/ArdusatSDK/utility/Adafruit_SI1145.o
                                0x4d9 (size before relaxing)
 .debug_str     0x00002394      0x404 LibCpp/ArdusatSDK/utility/Adafruit_TCS34725.o
                                0x888 (size before relaxing)
 .debug_str     0x00002798       0xee LibCpp/ArdusatSDK/utility/common_utils.o
                                0x3ff (size before relaxing)
 .debug_str     0x00002886     0x11ab LibCpp/ArdusatSDK/utility/drivers.o
                               0x1fef (size before relaxing)
 .debug_str     0x00003a31       0x4c LibCpp/ArdusatSDK/utility/ML8511_ADC.o
                                0x3bf (size before relaxing)
 .debug_str     0x00003a7d       0x4b LibCpp/ArdusatSDK/utility/pololu_LSM303.o
                                0x676 (size before relaxing)
 .debug_str     0x00003ac8     0x136b LibCpp/ArdusatSDK/utility/serial.o
                               0x16b0 (size before relaxing)
 .debug_str     0x00004e33      0x59c LibCpp/ArdusatSDK/utility/SoftwareSerial.o
                               0x188c (size before relaxing)
 .debug_str     0x000053cf       0x76 LibCpp/ArdusatSDK/utility/SparkFunISL29125.o
                                0x593 (size before relaxing)
 .debug_str     0x00005445      0x144 main.o
                                0x523 (size before relaxing)
 .debug_str     0x00005589      0x30d C:\src\arduino\AxisReader\AxisReader\ArduinoCore\Debug\libArduinoCore.a(HardwareSerial.o)
                               0x15e1 (size before relaxing)
 .debug_str     0x00005896       0x47 C:\src\arduino\AxisReader\AxisReader\ArduinoCore\Debug\libArduinoCore.a(HardwareSerial0.o)
                               0x13ba (size before relaxing)
 .debug_str     0x000058dd       0x37 C:\src\arduino\AxisReader\AxisReader\ArduinoCore\Debug\libArduinoCore.a(main.o)
                                0x296 (size before relaxing)
 .debug_str     0x00005914       0x3a C:\src\arduino\AxisReader\AxisReader\ArduinoCore\Debug\libArduinoCore.a(new.o)
                                0x1ac (size before relaxing)
 .debug_str     0x0000594e      0x369 C:\src\arduino\AxisReader\AxisReader\ArduinoCore\Debug\libArduinoCore.a(Print.o)
                               0x11db (size before relaxing)
 .debug_str     0x00005cb7      0x476 C:\src\arduino\AxisReader\AxisReader\ArduinoCore\Debug\libArduinoCore.a(Wire.o)
                               0x1869 (size before relaxing)
 .debug_str     0x0000612d      0x145 C:\src\arduino\AxisReader\AxisReader\ArduinoCore\Debug\libArduinoCore.a(wiring.o)
                                0x22c (size before relaxing)
 .debug_str     0x00006272       0x56 C:\src\arduino\AxisReader\AxisReader\ArduinoCore\Debug\libArduinoCore.a(wiring_analog.o)
                                0x230 (size before relaxing)
 .debug_str     0x000062c8       0x4b C:\src\arduino\AxisReader\AxisReader\ArduinoCore\Debug\libArduinoCore.a(wiring_digital.o)
                                0x291 (size before relaxing)
 .debug_str     0x00006313       0x1c C:\src\arduino\AxisReader\AxisReader\ArduinoCore\Debug\libArduinoCore.a(hooks.o)
                                0x121 (size before relaxing)
 .debug_str     0x0000632f      0x13f C:\src\arduino\AxisReader\AxisReader\ArduinoCore\Debug\libArduinoCore.a(twi.o)
                                0x39a (size before relaxing)

.debug_loc      0x00000000     0xe9e0
 *(.debug_loc)
 .debug_loc     0x00000000     0x40c7 LibCpp/ArdusatSDK/ArdusatSDK.o
 .debug_loc     0x000040c7      0x587 LibCpp/ArdusatSDK/utility/Adafruit_SI1145.o
 .debug_loc     0x0000464e      0xd47 LibCpp/ArdusatSDK/utility/Adafruit_TCS34725.o
 .debug_loc     0x00005395      0x41f LibCpp/ArdusatSDK/utility/common_utils.o
 .debug_loc     0x000057b4     0x2511 LibCpp/ArdusatSDK/utility/drivers.o
 .debug_loc     0x00007cc5      0x130 LibCpp/ArdusatSDK/utility/ML8511_ADC.o
 .debug_loc     0x00007df5      0xb2e LibCpp/ArdusatSDK/utility/pololu_LSM303.o
 .debug_loc     0x00008923      0x7b9 LibCpp/ArdusatSDK/utility/serial.o
 .debug_loc     0x000090dc      0xcdc LibCpp/ArdusatSDK/utility/SoftwareSerial.o
 .debug_loc     0x00009db8      0x939 LibCpp/ArdusatSDK/utility/SparkFunISL29125.o
 .debug_loc     0x0000a6f1      0x6f2 main.o
 .debug_loc     0x0000ade3      0x482 C:\src\arduino\AxisReader\AxisReader\ArduinoCore\Debug\libArduinoCore.a(HardwareSerial.o)
 .debug_loc     0x0000b265      0x18a C:\src\arduino\AxisReader\AxisReader\ArduinoCore\Debug\libArduinoCore.a(HardwareSerial0.o)
 .debug_loc     0x0000b3ef       0x4c C:\src\arduino\AxisReader\AxisReader\ArduinoCore\Debug\libArduinoCore.a(new.o)
 .debug_loc     0x0000b43b     0x1c61 C:\src\arduino\AxisReader\AxisReader\ArduinoCore\Debug\libArduinoCore.a(Print.o)
 .debug_loc     0x0000d09c      0xbd7 C:\src\arduino\AxisReader\AxisReader\ArduinoCore\Debug\libArduinoCore.a(Wire.o)
 .debug_loc     0x0000dc73      0x28d C:\src\arduino\AxisReader\AxisReader\ArduinoCore\Debug\libArduinoCore.a(wiring.o)
 .debug_loc     0x0000df00       0xfe C:\src\arduino\AxisReader\AxisReader\ArduinoCore\Debug\libArduinoCore.a(wiring_analog.o)
 .debug_loc     0x0000dffe      0x5fc C:\src\arduino\AxisReader\AxisReader\ArduinoCore\Debug\libArduinoCore.a(wiring_digital.o)
 .debug_loc     0x0000e5fa      0x3e6 C:\src\arduino\AxisReader\AxisReader\ArduinoCore\Debug\libArduinoCore.a(twi.o)

.debug_macinfo
 *(.debug_macinfo)

.debug_weaknames
 *(.debug_weaknames)

.debug_funcnames
 *(.debug_funcnames)

.debug_typenames
 *(.debug_typenames)

.debug_varnames
 *(.debug_varnames)

.debug_pubtypes
 *(.debug_pubtypes)

.debug_ranges   0x00000000      0xb58
 *(.debug_ranges)
 .debug_ranges  0x00000000      0x330 LibCpp/ArdusatSDK/ArdusatSDK.o
 .debug_ranges  0x00000330       0x50 LibCpp/ArdusatSDK/utility/Adafruit_SI1145.o
 .debug_ranges  0x00000380       0x70 LibCpp/ArdusatSDK/utility/Adafruit_TCS34725.o
 .debug_ranges  0x000003f0       0x18 LibCpp/ArdusatSDK/utility/common_utils.o
 .debug_ranges  0x00000408      0x160 LibCpp/ArdusatSDK/utility/drivers.o
 .debug_ranges  0x00000568       0x20 LibCpp/ArdusatSDK/utility/ML8511_ADC.o
 .debug_ranges  0x00000588       0x70 LibCpp/ArdusatSDK/utility/pololu_LSM303.o
 .debug_ranges  0x000005f8       0x58 LibCpp/ArdusatSDK/utility/serial.o
 .debug_ranges  0x00000650       0x98 LibCpp/ArdusatSDK/utility/SoftwareSerial.o
 .debug_ranges  0x000006e8       0x70 LibCpp/ArdusatSDK/utility/SparkFunISL29125.o
 .debug_ranges  0x00000758       0x60 main.o
 .debug_ranges  0x000007b8       0x58 C:\src\arduino\AxisReader\AxisReader\ArduinoCore\Debug\libArduinoCore.a(HardwareSerial.o)
 .debug_ranges  0x00000810       0x28 C:\src\arduino\AxisReader\AxisReader\ArduinoCore\Debug\libArduinoCore.a(HardwareSerial0.o)
 .debug_ranges  0x00000838       0x20 C:\src\arduino\AxisReader\AxisReader\ArduinoCore\Debug\libArduinoCore.a(main.o)
 .debug_ranges  0x00000858       0x18 C:\src\arduino\AxisReader\AxisReader\ArduinoCore\Debug\libArduinoCore.a(new.o)
 .debug_ranges  0x00000870      0x110 C:\src\arduino\AxisReader\AxisReader\ArduinoCore\Debug\libArduinoCore.a(Print.o)
 .debug_ranges  0x00000980       0xd8 C:\src\arduino\AxisReader\AxisReader\ArduinoCore\Debug\libArduinoCore.a(Wire.o)
 .debug_ranges  0x00000a58       0x38 C:\src\arduino\AxisReader\AxisReader\ArduinoCore\Debug\libArduinoCore.a(wiring.o)
 .debug_ranges  0x00000a90       0x20 C:\src\arduino\AxisReader\AxisReader\ArduinoCore\Debug\libArduinoCore.a(wiring_analog.o)
 .debug_ranges  0x00000ab0       0x28 C:\src\arduino\AxisReader\AxisReader\ArduinoCore\Debug\libArduinoCore.a(wiring_digital.o)
 .debug_ranges  0x00000ad8       0x10 C:\src\arduino\AxisReader\AxisReader\ArduinoCore\Debug\libArduinoCore.a(hooks.o)
 .debug_ranges  0x00000ae8       0x70 C:\src\arduino\AxisReader\AxisReader\ArduinoCore\Debug\libArduinoCore.a(twi.o)

.debug_macro
 *(.debug_macro)
OUTPUT(Axis.elf elf32-avr)
LOAD linker stubs
